Clock: clk
Sources: clk 
Generated: no
Virtual: yes
Propagated: no
Period: 25.000000

===========================================================================
report_clock_properties
============================================================================
Clock                   Period          Waveform
----------------------------------------------------
clk                  25.000000    0.000000 12.500000

===========================================================================
report_clock_latency
============================================================================
Clock clk
rise -> rise
    min     max
0.000000 0.000000 source latency
0.332963         network latency _174_/CLK
        0.338089 network latency _171_/CLK
---------------
0.332963 0.338089 latency
        0.005127 skew

fall -> fall
    min     max
0.000000 0.000000 source latency
0.322122         network latency _174_/CLK
        0.326750 network latency _171_/CLK
---------------
0.322122 0.326750 latency
        0.004628 skew



===========================================================================
report_clock_min_period
============================================================================
clk period_min = 2.01 fmax = 498.28
