
===========================================================================
 report_power
============================================================================
======================= min_tt_025C_1v80 Corner ===================================

Group                    Internal    Switching      Leakage        Total
                            Power        Power        Power        Power (Watts)
------------------------------------------------------------------------
Sequential           5.846112e-05 8.478558e-08 4.871853e-10 5.854639e-05  48.4%
Combinational        1.173453e-06 2.810042e-06 9.756107e-10 3.984470e-06   3.3%
Clock                3.876341e-05 1.975725e-05 3.890117e-10 5.852104e-05  48.3%
Macro                0.000000e+00 0.000000e+00 0.000000e+00 0.000000e+00   0.0%
Pad                  0.000000e+00 0.000000e+00 0.000000e+00 0.000000e+00   0.0%
------------------------------------------------------------------------
Total                9.839798e-05 2.265207e-05 1.851806e-09 1.210519e-04 100.0%
                            81.3%        18.7%         0.0%

