
===========================================================================
report_checks -unconstrained
===========================================================================
======================= min_ff_n40C_1v95 Corner ===================================

Startpoint: reset (input port clocked by clk)
Endpoint: _176_ (recovery check against rising-edge clock clk)
Path Group: asynchronous
Path Type: max

Fanout         Cap        Slew       Delay        Time   Description
---------------------------------------------------------------------------------------------
                                  0.000000    0.000000   clock clk (rise edge)
                                  0.000000    0.000000   clock network delay (propagated)
                                  5.000000    5.000000 v input external delay
     1    0.002713    0.004604    0.002182    5.002182 v reset (in)
                                                         reset (net)
                      0.004604    0.000000    5.002182 v input2/A (sky130_fd_sc_hd__buf_1)
     3    0.014929    0.062051    0.083331    5.085513 v input2/X (sky130_fd_sc_hd__buf_1)
                                                         net2 (net)
                      0.062051    0.000253    5.085766 v fanout35/A (sky130_fd_sc_hd__clkbuf_4)
     9    0.050176    0.076406    0.152303    5.238069 v fanout35/X (sky130_fd_sc_hd__clkbuf_4)
                                                         net35 (net)
                      0.076408    0.000471    5.238540 v fanout34/A (sky130_fd_sc_hd__buf_4)
    10    0.054288    0.059058    0.144857    5.383397 v fanout34/X (sky130_fd_sc_hd__buf_4)
                                                         net34 (net)
                      0.059073    0.000934    5.384331 v _140_/A (sky130_fd_sc_hd__inv_2)
     1    0.003979    0.025094    0.040666    5.424997 ^ _140_/Y (sky130_fd_sc_hd__inv_2)
                                                         _027_ (net)
                      0.025094    0.000031    5.425028 ^ _176_/SET_B (sky130_fd_sc_hd__dfstp_2)
                                              5.425028   data arrival time

                                 25.000000   25.000000   clock clk (rise edge)
                                  0.000000   25.000000   clock source latency
     1    0.013693    0.051026    0.034062   25.034061 ^ clk (in)
                                                         clk (net)
                      0.051027    0.000000   25.034061 ^ clkbuf_0_clk/A (sky130_fd_sc_hd__clkbuf_16)
     4    0.041565    0.046267    0.103629   25.137690 ^ clkbuf_0_clk/X (sky130_fd_sc_hd__clkbuf_16)
                                                         clknet_0_clk (net)
                      0.046273    0.000490   25.138180 ^ clkbuf_2_0__f_clk/A (sky130_fd_sc_hd__clkbuf_16)
    10    0.029119    0.037485    0.095122   25.233303 ^ clkbuf_2_0__f_clk/X (sky130_fd_sc_hd__clkbuf_16)
                                                         clknet_2_0__leaf_clk (net)
                      0.037487    0.000320   25.233622 ^ _176_/CLK (sky130_fd_sc_hd__dfstp_2)
                                 -0.250000   24.983624   clock uncertainty
                                  0.000000   24.983624   clock reconvergence pessimism
                                  0.084913   25.068537   library recovery time
                                             25.068537   data required time
---------------------------------------------------------------------------------------------
                                             25.068537   data required time
                                             -5.425028   data arrival time
---------------------------------------------------------------------------------------------
                                             19.643509   slack (MET)


Startpoint: _183_ (rising edge-triggered flip-flop clocked by clk)
Endpoint: seg1[1] (output port clocked by clk)
Path Group: clk
Path Type: max

Fanout         Cap        Slew       Delay        Time   Description
---------------------------------------------------------------------------------------------
                                  0.000000    0.000000   clock clk (rise edge)
                                  0.000000    0.000000   clock source latency
     1    0.013693    0.051026    0.034061    0.034061 ^ clk (in)
                                                         clk (net)
                      0.051027    0.000000    0.034061 ^ clkbuf_0_clk/A (sky130_fd_sc_hd__clkbuf_16)
     4    0.041565    0.046267    0.103630    0.137691 ^ clkbuf_0_clk/X (sky130_fd_sc_hd__clkbuf_16)
                                                         clknet_0_clk (net)
                      0.046272    0.000486    0.138177 ^ clkbuf_2_3__f_clk/A (sky130_fd_sc_hd__clkbuf_16)
    11    0.031121    0.038991    0.096504    0.234681 ^ clkbuf_2_3__f_clk/X (sky130_fd_sc_hd__clkbuf_16)
                                                         clknet_2_3__leaf_clk (net)
                      0.038992    0.000372    0.235053 ^ _183_/CLK (sky130_fd_sc_hd__dfrtp_1)
     2    0.008154    0.045292    0.243539    0.478592 v _183_/Q (sky130_fd_sc_hd__dfrtp_1)
                                                         cnt[1] (net)
                      0.045292    0.000097    0.478689 v fanout30/A (sky130_fd_sc_hd__buf_2)
    10    0.035559    0.064754    0.124863    0.603552 v fanout30/X (sky130_fd_sc_hd__buf_2)
                                                         net30 (net)
                      0.064774    0.001079    0.604631 v _049_/A (sky130_fd_sc_hd__inv_2)
     3    0.015532    0.058692    0.071792    0.676423 ^ _049_/Y (sky130_fd_sc_hd__inv_2)
                                                         _038_ (net)
                      0.058693    0.000185    0.676608 ^ fanout29/A (sky130_fd_sc_hd__buf_2)
    10    0.043597    0.161435    0.167721    0.844329 ^ fanout29/X (sky130_fd_sc_hd__buf_2)
                                                         net29 (net)
                      0.161468    0.001917    0.846246 ^ _074_/A1 (sky130_fd_sc_hd__a31o_1)
     1    0.003367    0.035620    0.093049    0.939295 ^ _074_/X (sky130_fd_sc_hd__a31o_1)
                                                         net10 (net)
                      0.035620    0.000049    0.939343 ^ output10/A (sky130_fd_sc_hd__buf_2)
     1    0.034316    0.128366    0.138943    1.078286 ^ output10/X (sky130_fd_sc_hd__buf_2)
                                                         seg1[1] (net)
                      0.128368    0.000362    1.078649 ^ seg1[1] (out)
                                              1.078649   data arrival time

                                 25.000000   25.000000   clock clk (rise edge)
                                  0.000000   25.000000   clock network delay (propagated)
                                 -0.250000   24.750000   clock uncertainty
                                  0.000000   24.750000   clock reconvergence pessimism
                                 -5.000000   19.750000   output external delay
                                             19.750000   data required time
---------------------------------------------------------------------------------------------
                                             19.750000   data required time
                                             -1.078649   data arrival time
---------------------------------------------------------------------------------------------
                                             18.671350   slack (MET)




===========================================================================
report_checks --slack_max -0.01
============================================================================
======================= min_ff_n40C_1v95 Corner ===================================

No paths found.


===========================================================================
 report_check_types -max_slew -max_cap -max_fanout -violators
============================================================================
======================= min_ff_n40C_1v95 Corner ===================================

max fanout

Pin                                   Limit Fanout  Slack
---------------------------------------------------------
clkbuf_2_3__f_clk/X                      10     11        (VIOLATED)



===========================================================================
report_parasitic_annotation -report_unannotated
============================================================================
Found 7 unannotated drivers.
 clkload0/X
 clkload1/Y
 clkload2/X
 mini_light_up_game_38/HI
 mini_light_up_game_39/HI
 mini_light_up_game_40/HI
 mini_light_up_game_41/HI
Found 0 partially unannotated drivers.

===========================================================================
max slew violation count 0
max fanout violation count 1
max cap violation count 0
============================================================================

===========================================================================
check_setup -verbose -unconstrained_endpoints -multiple_clock -no_clock -no_input_delay -loops -generated_clocks
===========================================================================
Warning: There are 4 unconstrained endpoints.
  seg0[6]
  seg1[6]
  seg2[6]
  seg3[6]
