Clock: clk
Sources: clk 
Generated: no
Virtual: yes
Propagated: no
Period: 25.000000

===========================================================================
report_clock_properties
============================================================================
Clock                   Period          Waveform
----------------------------------------------------
clk                  25.000000    0.000000 12.500000

===========================================================================
report_clock_latency
============================================================================
Clock clk
rise -> rise
    min     max
0.000000 0.000000 source latency
0.230756         network latency _174_/CLK
        0.235096 network latency _171_/CLK
---------------
0.230756 0.235096 latency
        0.004341 skew

fall -> fall
    min     max
0.000000 0.000000 source latency
0.219492         network latency _174_/CLK
        0.223198 network latency _171_/CLK
---------------
0.219492 0.223198 latency
        0.003706 skew



===========================================================================
report_clock_min_period
============================================================================
clk period_min = 1.35 fmax = 739.88
