[WARNING ORD-0039] .openroad ignored with -python
Unannotated report:
['report_parasitic_annotation -report_unannotated\n',
 '============================================================================\n',
 'Found 7 unannotated drivers.\n',
 ' clkload0/X\n',
 ' clkload1/Y\n',
 ' clkload2/X\n',
 ' mini_light_up_game_38/HI\n',
 ' mini_light_up_game_39/HI\n',
 ' mini_light_up_game_40/HI\n',
 ' mini_light_up_game_41/HI\n',
 'Found 0 partially unannotated drivers.\n',
 '\n']
Reported nets:
['clkload0/X',
 'clkload1/Y',
 'clkload2/X',
 'mini_light_up_game_38/HI',
 'mini_light_up_game_39/HI',
 'mini_light_up_game_40/HI',
 'mini_light_up_game_41/HI']
Filtered nets:
[]
done
