
===========================================================================
 report_power
============================================================================
======================= min_ff_n40C_1v95 Corner ===================================

Group                    Internal    Switching      Leakage        Total
                            Power        Power        Power        Power (Watts)
------------------------------------------------------------------------
Sequential           6.808566e-05 1.026538e-07 6.977486e-10 6.818902e-05  48.4%
Combinational        1.404363e-06 3.303822e-06 1.923996e-09 4.710109e-06   3.3%
Clock                4.433626e-05 2.367009e-05 7.289507e-10 6.800707e-05  48.3%
Macro                0.000000e+00 0.000000e+00 0.000000e+00 0.000000e+00   0.0%
Pad                  0.000000e+00 0.000000e+00 0.000000e+00 0.000000e+00   0.0%
------------------------------------------------------------------------
Total                1.138263e-04 2.707657e-05 3.350700e-09 1.409062e-04 100.0%
                            80.8%        19.2%         0.0%

