Reading OpenROAD database at '/mnt/c/Users/felix/Documents/Master_1ECAM/microelec/projet_microelec/src/runs/RUN_2026-04-28_09-54-31/31-openroad-repairdesignpostgpl/mini_light_up_game.odb'…
Reading library file at '/home/felix/.ciel/ciel/sky130/versions/0fe599b2afb6708d281543108caf8310912f54af/sky130A/libs.ref/sky130_fd_sc_hd/lib/sky130_fd_sc_hd__tt_025C_1v80.lib'…
Reading design constraints file at '/nix/store/p32knifc9l2cvqzrxkf9hcjphzkhn19d-python3-3.11.9-env/lib/python3.11/site-packages/librelane/scripts/base.sdc'…
[INFO] Using clock clk…
[INFO] Setting output delay to: 5
[INFO] Setting input delay to: 5
[INFO] Setting load to: 0.033442
[INFO] Setting clock uncertainty to: 0.25
[INFO] Setting clock transition to: 0.1499999999999999944488848768742172978818416595458984375
[INFO] Setting timing derate to: 5%
Placement Analysis
---------------------------------
total displacement          0.0 u
average displacement        0.0 u
max displacement            0.0 u
original HPWL            2696.5 u
legalized HPWL           2761.1 u
delta HPWL                    2 %

[INFO DPL-0020] Mirrored 67 instances
[INFO DPL-0021] HPWL before            2761.1 u
[INFO DPL-0022] HPWL after             2696.5 u
[INFO DPL-0023] HPWL delta               -2.3 %
Setting global connections for newly added cells…
[INFO] Setting global connections...
Updating metrics…
Cell type report:                       Count       Area
  Fill cell                                42     157.65
  Tap cell                                 46      57.56
  Timing Repair Buffer                     37     192.68
  Inverter                                 38     142.64
  Sequential cell                          36     920.88
  Multi-Input combinational cell           66     530.51
  Total                                   265    2001.92
Writing OpenROAD database to '/mnt/c/Users/felix/Documents/Master_1ECAM/microelec/projet_microelec/src/runs/RUN_2026-04-28_09-54-31/33-openroad-detailedplacement/mini_light_up_game.odb'…
Writing netlist to '/mnt/c/Users/felix/Documents/Master_1ECAM/microelec/projet_microelec/src/runs/RUN_2026-04-28_09-54-31/33-openroad-detailedplacement/mini_light_up_game.nl.v'…
Writing powered netlist to '/mnt/c/Users/felix/Documents/Master_1ECAM/microelec/projet_microelec/src/runs/RUN_2026-04-28_09-54-31/33-openroad-detailedplacement/mini_light_up_game.pnl.v'…
Writing layout to '/mnt/c/Users/felix/Documents/Master_1ECAM/microelec/projet_microelec/src/runs/RUN_2026-04-28_09-54-31/33-openroad-detailedplacement/mini_light_up_game.def'…
Writing timing constraints to '/mnt/c/Users/felix/Documents/Master_1ECAM/microelec/projet_microelec/src/runs/RUN_2026-04-28_09-54-31/33-openroad-detailedplacement/mini_light_up_game.sdc'…
