
Copyright (C) 1994-2025 Synopsys, Inc.
This Synopsys software and all associated documentation are proprietary to Synopsys, Inc.
and may only be used pursuant to the terms and conditions of a written license agreement
with Synopsys, Inc. All other use, reproduction, modification, or distribution of the
Synopsys software or the associated documentation is strictly prohibited.
Tool: Synplify Pro (R)
Build: W-2025.03LR-SP1
Install: C:\lscc\radiant\2025.2\synpbase
OS: Windows 10 or later
Hostname: PCDEFÉLIX

Implementation : impl_1
Synopsys HDL compiler and linker, Version comp202503synp2, Build 178R, Built Nov 11 2025 09:38:30, @

Modified Files: 1
FID:  path (prevtimestamp, timestamp)
0        C:\Users\felix\Documents\Master_1ECAM\microelec\projet_microelec\src\chip.vhd (2026-05-06 11:49:02, 2026-05-06 15:23:54)

*******************************************************************
Modules that may have changed as a result of file changes: 1
MID:  lib.cell.view
0        work.mini_light_up_game.rtl may have changed because the following files changed:
                        C:\Users\felix\Documents\Master_1ECAM\microelec\projet_microelec\src\chip.vhd (2026-05-06 11:49:02, 2026-05-06 15:23:54) <-- (architecture and entity definition)

*******************************************************************
Unmodified files: 11
FID:  path (timestamp)
1        C:\lscc\radiant\2025.2\cae_library\synthesis\vhdl\iCE40UP.vhd (2025-10-18 06:24:22)
2        C:\lscc\radiant\2025.2\ip\pmi\pmi_iCE40UP.vhd (2025-10-18 06:21:47)
3        C:\lscc\radiant\2025.2\synpbase\lib\vhd\arith.vhd (2025-11-11 18:28:54)
4        C:\lscc\radiant\2025.2\synpbase\lib\vhd\hyperents.vhd (2025-11-11 18:28:54)
5        C:\lscc\radiant\2025.2\synpbase\lib\vhd\location.map (2025-11-12 14:43:27)
6        C:\lscc\radiant\2025.2\synpbase\lib\vhd\numeric.vhd (2025-11-11 18:28:55)
7        C:\lscc\radiant\2025.2\synpbase\lib\vhd\snps_haps_pkg.vhd (2025-11-11 18:28:55)
8        C:\lscc\radiant\2025.2\synpbase\lib\vhd\std.vhd (2025-11-11 18:28:55)
9        C:\lscc\radiant\2025.2\synpbase\lib\vhd\std1164.vhd (2025-11-11 18:28:55)
10       C:\lscc\radiant\2025.2\synpbase\lib\vhd\umr_capim.vhd (2025-11-11 18:28:55)
11       C:\lscc\radiant\2025.2\synpbase\lib\vhd\unsigned.vhd (2025-11-11 18:28:55)

*******************************************************************
Unchanged modules: 0
MID:  lib.cell.view
