Clock: clk
Sources: clk 
Generated: no
Virtual: yes
Propagated: no
Period: 25.000000

===========================================================================
report_clock_properties
============================================================================
Clock                   Period          Waveform
----------------------------------------------------
clk                  25.000000    0.000000 12.500000

===========================================================================
report_clock_latency
============================================================================
Clock clk
rise -> rise
    min     max
0.000000 0.000000 source latency
0.344083         network latency _174_/CLK
        0.350354 network latency _171_/CLK
---------------
0.344083 0.350354 latency
        0.006272 skew

fall -> fall
    min     max
0.000000 0.000000 source latency
0.329782         network latency _174_/CLK
        0.335371 network latency _171_/CLK
---------------
0.329782 0.335371 latency
        0.005588 skew



===========================================================================
report_clock_min_period
============================================================================
clk period_min = 2.05 fmax = 488.78
