
===========================================================================
 report_power
============================================================================
======================= max_tt_025C_1v80 Corner ===================================

Group                    Internal    Switching      Leakage        Total
                            Power        Power        Power        Power (Watts)
------------------------------------------------------------------------
Sequential           5.842566e-05 9.094112e-08 4.871853e-10 5.851709e-05  47.8%
Combinational        1.172787e-06 2.956353e-06 9.756107e-10 4.130115e-06   3.4%
Clock                3.881137e-05 2.105419e-05 3.890117e-10 5.986595e-05  48.9%
Macro                0.000000e+00 0.000000e+00 0.000000e+00 0.000000e+00   0.0%
Pad                  0.000000e+00 0.000000e+00 0.000000e+00 0.000000e+00   0.0%
------------------------------------------------------------------------
Total                9.840983e-05 2.410149e-05 1.851806e-09 1.225132e-04 100.0%
                            80.3%        19.7%         0.0%

