                                                                       Cells by Function                                                                        
┏━━━━━━━━━━━━━━━━━━━━━━━━━━━━━━━━━━━━━━━━━━━━━━━━━━━━━━━━━━━━━━━━━━━━━━━━━━━━━━━━━━━━━━━━━━━━━━━━━━━━━━━━━━━━━━━━━━━━━━━━━━━━━━━━┳━━━━━━━━━━━━━━━━━━━━━━━━━━━━━┓
┃ Cell Function                                                                                                                  ┃ Count                       ┃
┡━━━━━━━━━━━━━━━━━━━━━━━━━━━━━━━━━━━━━━━━━━━━━━━━━━━━━━━━━━━━━━━━━━━━━━━━━━━━━━━━━━━━━━━━━━━━━━━━━━━━━━━━━━━━━━━━━━━━━━━━━━━━━━━━╇━━━━━━━━━━━━━━━━━━━━━━━━━━━━━┩
│ sky130_ef_sc_hd__decap                                                                                                         │ 22                          │
│ sky130_fd_sc_hd__a21o                                                                                                          │ 26                          │
│ sky130_fd_sc_hd__a31o                                                                                                          │ 24                          │
│ sky130_fd_sc_hd__and3                                                                                                          │ 3                           │
│ sky130_fd_sc_hd__and4                                                                                                          │ 3                           │
│ sky130_fd_sc_hd__and4b                                                                                                         │ 2                           │
│ sky130_fd_sc_hd__and4bb                                                                                                        │ 2                           │
│ sky130_fd_sc_hd__buf                                                                                                           │ 32                          │
│ sky130_fd_sc_hd__clkbuf                                                                                                        │ 12                          │
│ sky130_fd_sc_hd__clkinv                                                                                                        │ 1                           │
│ sky130_fd_sc_hd__conb                                                                                                          │ 4                           │
│ sky130_fd_sc_hd__decap                                                                                                         │ 97                          │
│ sky130_fd_sc_hd__dfrtp                                                                                                         │ 35                          │
│ sky130_fd_sc_hd__dfstp                                                                                                         │ 1                           │
│ sky130_fd_sc_hd__dlygate4sd3                                                                                                   │ 31                          │
│ sky130_fd_sc_hd__fill                                                                                                          │ 84                          │
│ sky130_fd_sc_hd__inv                                                                                                           │ 38                          │
│ sky130_fd_sc_hd__nor4b                                                                                                         │ 1                           │
│ sky130_fd_sc_hd__o2bb2a                                                                                                        │ 1                           │
│ sky130_fd_sc_hd__tapvpwrvgnd                                                                                                   │ 46                          │
└────────────────────────────────────────────────────────────────────────────────────────────────────────────────────────────────┴─────────────────────────────┘
