Clock: clk
Sources: clk 
Generated: no
Virtual: yes
Propagated: no
Period: 25.000000

===========================================================================
report_clock_properties
============================================================================
Clock                   Period          Waveform
----------------------------------------------------
clk                  25.000000    0.000000 12.500000

===========================================================================
report_clock_latency
============================================================================
Clock clk
rise -> rise
    min     max
0.000000 0.000000 source latency
0.337652         network latency _174_/CLK
        0.343168 network latency _171_/CLK
---------------
0.337652 0.343168 latency
        0.005517 skew

fall -> fall
    min     max
0.000000 0.000000 source latency
0.325316         network latency _174_/CLK
        0.330230 network latency _171_/CLK
---------------
0.325316 0.330230 latency
        0.004914 skew



===========================================================================
report_clock_min_period
============================================================================
clk period_min = 2.03 fmax = 493.21
