
===========================================================================
 report_power
============================================================================
======================= nom_tt_025C_1v80 Corner ===================================

Group                    Internal    Switching      Leakage        Total
                            Power        Power        Power        Power (Watts)
------------------------------------------------------------------------
Sequential           5.844435e-05 8.830547e-08 4.871853e-10 5.853314e-05  48.1%
Combinational        1.173218e-06 2.882542e-06 9.756107e-10 4.056736e-06   3.3%
Clock                3.878805e-05 2.038784e-05 3.890117e-10 5.917627e-05  48.6%
Macro                0.000000e+00 0.000000e+00 0.000000e+00 0.000000e+00   0.0%
Pad                  0.000000e+00 0.000000e+00 0.000000e+00 0.000000e+00   0.0%
------------------------------------------------------------------------
Total                9.840562e-05 2.335869e-05 1.851806e-09 1.217662e-04 100.0%
                            80.8%        19.2%         0.0%

