┏━━━━━━━━━━━━━━━━━━━━━━┳━━━━━━━━━━┳━━━━━━━━━━┳━━━━━━━━━━┳━━━━━━━━━━┳━━━━━━━━━━━┳━━━━━━━━━━┳━━━━━━━━━━━┳━━━━━━━━━━┳━━━━━━━━━━━┳━━━━━━━━━━┳━━━━━━━━━━━┳━━━━━━━━━━┓
┃                      ┃ Hold     ┃ Reg to   ┃          ┃          ┃ of which  ┃ Setup    ┃           ┃          ┃           ┃ of which ┃           ┃          ┃
┃                      ┃ Worst    ┃ Reg      ┃          ┃ Hold Vio ┃ reg to    ┃ Worst    ┃ Reg to    ┃ Setup    ┃ Setup Vio ┃ reg to   ┃ Max Cap   ┃ Max Slew ┃
┃ Corner/Group         ┃ Slack    ┃ Paths    ┃ Hold TNS ┃ Count    ┃ reg       ┃ Slack    ┃ Reg Paths ┃ TNS      ┃ Count     ┃ reg      ┃ Violatio… ┃ Violati… ┃
┡━━━━━━━━━━━━━━━━━━━━━━╇━━━━━━━━━━╇━━━━━━━━━━╇━━━━━━━━━━╇━━━━━━━━━━╇━━━━━━━━━━━╇━━━━━━━━━━╇━━━━━━━━━━━╇━━━━━━━━━━╇━━━━━━━━━━━╇━━━━━━━━━━╇━━━━━━━━━━━╇━━━━━━━━━━┩
│ Overall              │ 0.0458   │ 0.0458   │ 0.0000   │ 0        │ 0         │ 17.6065  │ 23.3161   │ 0.0000   │ 0         │ 0        │ 0         │ 45       │
│ nom_tt_025C_1v80     │ 0.2006   │ 0.2006   │ 0.0000   │ 0        │ 0         │ 18.7077  │ 24.0724   │ 0.0000   │ 0         │ 0        │ 0         │ 37       │
│ nom_ss_100C_1v60     │ 0.6420   │ 0.6420   │ 0.0000   │ 0        │ 0         │ 17.6065  │ 23.3161   │ 0.0000   │ 0         │ 0        │ 0         │ 45       │
│ nom_ff_n40C_1v95     │ 0.0458   │ 0.0458   │ 0.0000   │ 0        │ 0         │ 19.1036  │ 24.3350   │ 0.0000   │ 0         │ 0        │ 0         │ 0        │
└──────────────────────┴──────────┴──────────┴──────────┴──────────┴───────────┴──────────┴───────────┴──────────┴───────────┴──────────┴───────────┴──────────┘
