Reading OpenROAD database at '/mnt/c/Users/felix/Documents/Master_1ECAM/microelec/projet_microelec/src/runs/RUN_2026-04-28_09-54-31/41-openroad-repairantennas/1-diodeinsertion/mini_light_up_game.odb'…
Reading library file at '/home/felix/.ciel/ciel/sky130/versions/0fe599b2afb6708d281543108caf8310912f54af/sky130A/libs.ref/sky130_fd_sc_hd/lib/sky130_fd_sc_hd__tt_025C_1v80.lib'…
Reading design constraints file at '/nix/store/p32knifc9l2cvqzrxkf9hcjphzkhn19d-python3-3.11.9-env/lib/python3.11/site-packages/librelane/scripts/base.sdc'…
[INFO] Using clock clk…
[INFO] Setting output delay to: 5
[INFO] Setting input delay to: 5
[INFO] Setting load to: 0.033442
[INFO] Setting clock uncertainty to: 0.25
[INFO] Setting clock transition to: 0.1499999999999999944488848768742172978818416595458984375
[INFO] Setting timing derate to: 5%
[INFO ORD-0030] Using 20 thread(s).
[INFO DRT-0149] Reading tech and libs.
[WARNING DRT-0349] LEF58_ENCLOSURE with no CUTCLASS is not supported. Skipping for layer mcon
[WARNING DRT-0349] LEF58_ENCLOSURE with no CUTCLASS is not supported. Skipping for layer mcon
[WARNING DRT-0349] LEF58_ENCLOSURE with no CUTCLASS is not supported. Skipping for layer via
[WARNING DRT-0349] LEF58_ENCLOSURE with no CUTCLASS is not supported. Skipping for layer via
[WARNING DRT-0349] LEF58_ENCLOSURE with no CUTCLASS is not supported. Skipping for layer via2
[WARNING DRT-0349] LEF58_ENCLOSURE with no CUTCLASS is not supported. Skipping for layer via2
[WARNING DRT-0349] LEF58_ENCLOSURE with no CUTCLASS is not supported. Skipping for layer via3
[WARNING DRT-0349] LEF58_ENCLOSURE with no CUTCLASS is not supported. Skipping for layer via3
[WARNING DRT-0349] LEF58_ENCLOSURE with no CUTCLASS is not supported. Skipping for layer via4
[WARNING DRT-0349] LEF58_ENCLOSURE with no CUTCLASS is not supported. Skipping for layer via4

Units:                1000
Number of layers:     13
Number of macros:     441
Number of vias:       28
Number of viarulegen: 25

[INFO DRT-0150] Reading design.

Design:                   mini_light_up_game
Die area:                 ( 0 0 ) ( 68795 79515 )
Number of track patterns: 12
Number of DEF vias:       0
Number of components:     304
Number of terminals:      33
Number of snets:          2
Number of nets:           216

[INFO DRT-0167] List of default vias:
  Layer via
    default via: M1M2_PR
  Layer via2
    default via: M2M3_PR
  Layer via3
    default via: M3M4_PR
  Layer via4
    default via: M4M5_PR
[INFO DRT-0162] Library cell analysis.
[INFO DRT-0163] Instance analysis.
[INFO DRT-0164] Number of unique instances = 58.
[INFO DRT-0168] Init region query.
[INFO DRT-0024]   Complete FR_MASTERSLICE.
[INFO DRT-0024]   Complete licon.
[INFO DRT-0024]   Complete li1.
[INFO DRT-0024]   Complete mcon.
[INFO DRT-0024]   Complete met1.
[INFO DRT-0024]   Complete via.
[INFO DRT-0024]   Complete met2.
[INFO DRT-0024]   Complete via2.
[INFO DRT-0024]   Complete met3.
[INFO DRT-0024]   Complete via3.
[INFO DRT-0024]   Complete met4.
[INFO DRT-0024]   Complete via4.
[INFO DRT-0024]   Complete met5.
[INFO DRT-0033] FR_MASTERSLICE shape region query size = 0.
[INFO DRT-0033] licon shape region query size = 0.
[INFO DRT-0033] li1 shape region query size = 7271.
[INFO DRT-0033] mcon shape region query size = 0.
[INFO DRT-0033] met1 shape region query size = 1157.
[INFO DRT-0033] via shape region query size = 110.
[INFO DRT-0033] met2 shape region query size = 77.
[INFO DRT-0033] via2 shape region query size = 88.
[INFO DRT-0033] met3 shape region query size = 86.
[INFO DRT-0033] via3 shape region query size = 88.
[INFO DRT-0033] met4 shape region query size = 26.
[INFO DRT-0033] via4 shape region query size = 0.
[INFO DRT-0033] met5 shape region query size = 0.
[INFO DRT-0165] Start pin access.
[INFO DRT-0078]   Complete 160 pins.
[INFO DRT-0081]   Complete 52 unique inst patterns.
[INFO DRT-0084]   Complete 111 groups.
#scanned instances     = 304
#unique  instances     = 58
#stdCellGenAp          = 1397
#stdCellValidPlanarAp  = 33
#stdCellValidViaAp     = 985
#stdCellPinNoAp        = 0
#stdCellPinCnt         = 654
#instTermValidViaApCnt = 0
#macroGenAp            = 0
#macroValidPlanarAp    = 0
#macroValidViaAp       = 0
#macroNoAp             = 0
[INFO DRT-0166] Complete pin access.
[INFO DRT-0267] cpu time = 00:00:22, elapsed time = 00:00:01, memory = 140.19 (MB), peak = 140.19 (MB)

[INFO DRT-0157] Number of guides:     1427

[INFO DRT-0169] Post process guides.
[INFO DRT-0176] GCELLGRID X 0 DO 9 STEP 6900 ;
[INFO DRT-0177] GCELLGRID Y 0 DO 11 STEP 6900 ;
[INFO DRT-0028]   Complete FR_MASTERSLICE.
[INFO DRT-0028]   Complete licon.
[INFO DRT-0028]   Complete li1.
[INFO DRT-0028]   Complete mcon.
[INFO DRT-0028]   Complete met1.
[INFO DRT-0028]   Complete via.
[INFO DRT-0028]   Complete met2.
[INFO DRT-0028]   Complete via2.
[INFO DRT-0028]   Complete met3.
[INFO DRT-0028]   Complete via3.
[INFO DRT-0028]   Complete met4.
[INFO DRT-0028]   Complete via4.
[INFO DRT-0028]   Complete met5.
[INFO DRT-0178] Init guide query.
[INFO DRT-0035]   Complete FR_MASTERSLICE (guide).
[INFO DRT-0035]   Complete licon (guide).
[INFO DRT-0035]   Complete li1 (guide).
[INFO DRT-0035]   Complete mcon (guide).
[INFO DRT-0035]   Complete met1 (guide).
[INFO DRT-0035]   Complete via (guide).
[INFO DRT-0035]   Complete met2 (guide).
[INFO DRT-0035]   Complete via2 (guide).
[INFO DRT-0035]   Complete met3 (guide).
[INFO DRT-0035]   Complete via3 (guide).
[INFO DRT-0035]   Complete met4 (guide).
[INFO DRT-0035]   Complete via4 (guide).
[INFO DRT-0035]   Complete met5 (guide).
[INFO DRT-0036] FR_MASTERSLICE guide region query size = 0.
[INFO DRT-0036] licon guide region query size = 0.
[INFO DRT-0036] li1 guide region query size = 506.
[INFO DRT-0036] mcon guide region query size = 0.
[INFO DRT-0036] met1 guide region query size = 412.
[INFO DRT-0036] via guide region query size = 0.
[INFO DRT-0036] met2 guide region query size = 209.
[INFO DRT-0036] via2 guide region query size = 0.
[INFO DRT-0036] met3 guide region query size = 22.
[INFO DRT-0036] via3 guide region query size = 0.
[INFO DRT-0036] met4 guide region query size = 0.
[INFO DRT-0036] via4 guide region query size = 0.
[INFO DRT-0036] met5 guide region query size = 0.
[INFO DRT-0179] Init gr pin query.
[INFO DRT-0245] skipped writing guide updates to database.
[INFO DRT-0185] Post process initialize RPin region query.
[INFO DRT-0181] Start track assignment.
[INFO DRT-0184] Done with 715 vertical wires in 1 frboxes and 434 horizontal wires in 1 frboxes.
[INFO DRT-0186] Done with 62 vertical wires in 1 frboxes and 156 horizontal wires in 1 frboxes.
[INFO DRT-0182] Complete track assignment.
[INFO DRT-0267] cpu time = 00:00:02, elapsed time = 00:00:00, memory = 142.54 (MB), peak = 142.54 (MB)
[INFO DRT-0187] Start routing data preparation.
[INFO DRT-0267] cpu time = 00:00:00, elapsed time = 00:00:00, memory = 142.54 (MB), peak = 142.54 (MB)
[INFO DRT-0194] Start detail routing.
[INFO DRT-0195] Start 0th optimization iteration.
    Completing 10% with 0 violations.
    elapsed time = 00:00:02, memory = 153.33 (MB).
    Completing 20% with 29 violations.
    elapsed time = 00:00:02, memory = 165.05 (MB).
    Completing 30% with 46 violations.
    elapsed time = 00:00:03, memory = 165.05 (MB).
    Completing 40% with 59 violations.
    elapsed time = 00:00:03, memory = 165.05 (MB).
[INFO DRT-0199]   Number of violations = 101.
Viol/Layer         li1   met1   met2   met3
Metal Spacing        6      9      5      4
Recheck              0     22     12      0
Short                0     41      2      0
[INFO DRT-0267] cpu time = 00:00:21, elapsed time = 00:00:03, memory = 525.99 (MB), peak = 525.99 (MB)
Total wire length = 4035 um.
Total wire length on LAYER li1 = 0 um.
Total wire length on LAYER met1 = 2012 um.
Total wire length on LAYER met2 = 1897 um.
Total wire length on LAYER met3 = 125 um.
Total wire length on LAYER met4 = 0 um.
Total wire length on LAYER met5 = 0 um.
Total number of vias = 1334.
Up-via summary (total 1334):

-----------------------
 FR_MASTERSLICE       0
            li1     619
           met1     690
           met2      25
           met3       0
           met4       0
-----------------------
                   1334


[INFO DRT-0195] Start 1st optimization iteration.
    Completing 10% with 101 violations.
    elapsed time = 00:00:00, memory = 526.14 (MB).
    Completing 20% with 96 violations.
    elapsed time = 00:00:01, memory = 535.36 (MB).
    Completing 30% with 84 violations.
    elapsed time = 00:00:01, memory = 535.36 (MB).
    Completing 40% with 57 violations.
    elapsed time = 00:00:02, memory = 536.61 (MB).
[INFO DRT-0199]   Number of violations = 26.
Viol/Layer        met1   met2   met3
Metal Spacing        6      3      2
Short               14      1      0
[INFO DRT-0267] cpu time = 00:00:19, elapsed time = 00:00:02, memory = 537.71 (MB), peak = 537.71 (MB)
Total wire length = 4011 um.
Total wire length on LAYER li1 = 0 um.
Total wire length on LAYER met1 = 2010 um.
Total wire length on LAYER met2 = 1875 um.
Total wire length on LAYER met3 = 125 um.
Total wire length on LAYER met4 = 0 um.
Total wire length on LAYER met5 = 0 um.
Total number of vias = 1312.
Up-via summary (total 1312):

-----------------------
 FR_MASTERSLICE       0
            li1     618
           met1     671
           met2      23
           met3       0
           met4       0
-----------------------
                   1312


[INFO DRT-0195] Start 2nd optimization iteration.
    Completing 10% with 26 violations.
    elapsed time = 00:00:00, memory = 537.71 (MB).
    Completing 20% with 26 violations.
    elapsed time = 00:00:00, memory = 537.71 (MB).
    Completing 30% with 26 violations.
    elapsed time = 00:00:00, memory = 543.49 (MB).
    Completing 40% with 25 violations.
    elapsed time = 00:00:00, memory = 543.49 (MB).
    Completing 50% with 25 violations.
    elapsed time = 00:00:00, memory = 543.49 (MB).
    Completing 60% with 25 violations.
    elapsed time = 00:00:03, memory = 543.49 (MB).
[INFO DRT-0199]   Number of violations = 19.
Viol/Layer        met1   met2
Metal Spacing        7      1
Short               11      0
[INFO DRT-0267] cpu time = 00:00:11, elapsed time = 00:00:03, memory = 546.30 (MB), peak = 546.30 (MB)
Total wire length = 3979 um.
Total wire length on LAYER li1 = 0 um.
Total wire length on LAYER met1 = 2017 um.
Total wire length on LAYER met2 = 1835 um.
Total wire length on LAYER met3 = 126 um.
Total wire length on LAYER met4 = 0 um.
Total wire length on LAYER met5 = 0 um.
Total number of vias = 1310.
Up-via summary (total 1310):

-----------------------
 FR_MASTERSLICE       0
            li1     618
           met1     670
           met2      22
           met3       0
           met4       0
-----------------------
                   1310


[INFO DRT-0195] Start 3rd optimization iteration.
    Completing 10% with 19 violations.
    elapsed time = 00:00:00, memory = 546.30 (MB).
    Completing 20% with 5 violations.
    elapsed time = 00:00:00, memory = 546.30 (MB).
    Completing 30% with 5 violations.
    elapsed time = 00:00:00, memory = 551.77 (MB).
    Completing 40% with 0 violations.
    elapsed time = 00:00:00, memory = 551.77 (MB).
[INFO DRT-0199]   Number of violations = 0.
[INFO DRT-0267] cpu time = 00:00:12, elapsed time = 00:00:01, memory = 551.77 (MB), peak = 551.77 (MB)
Total wire length = 3957 um.
Total wire length on LAYER li1 = 0 um.
Total wire length on LAYER met1 = 1913 um.
Total wire length on LAYER met2 = 1835 um.
Total wire length on LAYER met3 = 183 um.
Total wire length on LAYER met4 = 24 um.
Total wire length on LAYER met5 = 0 um.
Total number of vias = 1335.
Up-via summary (total 1335):

-----------------------
 FR_MASTERSLICE       0
            li1     618
           met1     681
           met2      34
           met3       2
           met4       0
-----------------------
                   1335


[INFO DRT-0198] Complete detail routing.
Total wire length = 3957 um.
Total wire length on LAYER li1 = 0 um.
Total wire length on LAYER met1 = 1913 um.
Total wire length on LAYER met2 = 1835 um.
Total wire length on LAYER met3 = 183 um.
Total wire length on LAYER met4 = 24 um.
Total wire length on LAYER met5 = 0 um.
Total number of vias = 1335.
Up-via summary (total 1335):

-----------------------
 FR_MASTERSLICE       0
            li1     618
           met1     681
           met2      34
           met3       2
           met4       0
-----------------------
                   1335


[INFO DRT-0267] cpu time = 00:01:05, elapsed time = 00:00:11, memory = 551.77 (MB), peak = 551.77 (MB)

[INFO DRT-0180] Post processing.
Setting global connections for newly added cells…
[INFO] Setting global connections...
Updating metrics…
Cell type report:                       Count       Area
  Fill cell                                42     157.65
  Tap cell                                 46      57.56
  Clock buffer                              7     140.13
  Timing Repair Buffer                     68     502.98
  Inverter                                 38     142.64
  Clock inverter                            1       5.00
  Sequential cell                          36     920.88
  Multi-Input combinational cell           66     530.51
  Total                                   304    2457.36
Writing OpenROAD database to '/mnt/c/Users/felix/Documents/Master_1ECAM/microelec/projet_microelec/src/runs/RUN_2026-04-28_09-54-31/43-openroad-detailedrouting/mini_light_up_game.odb'…
Writing netlist to '/mnt/c/Users/felix/Documents/Master_1ECAM/microelec/projet_microelec/src/runs/RUN_2026-04-28_09-54-31/43-openroad-detailedrouting/mini_light_up_game.nl.v'…
Writing powered netlist to '/mnt/c/Users/felix/Documents/Master_1ECAM/microelec/projet_microelec/src/runs/RUN_2026-04-28_09-54-31/43-openroad-detailedrouting/mini_light_up_game.pnl.v'…
Writing layout to '/mnt/c/Users/felix/Documents/Master_1ECAM/microelec/projet_microelec/src/runs/RUN_2026-04-28_09-54-31/43-openroad-detailedrouting/mini_light_up_game.def'…
Writing timing constraints to '/mnt/c/Users/felix/Documents/Master_1ECAM/microelec/projet_microelec/src/runs/RUN_2026-04-28_09-54-31/43-openroad-detailedrouting/mini_light_up_game.sdc'…
