Reading OpenROAD database at '/mnt/c/Users/felix/Documents/Master_1ECAM/microelec/projet_microelec/src/runs/RUN_2026-04-28_09-54-31/24-openroad-ioplacement/mini_light_up_game.odb'…
Reading library file at '/home/felix/.ciel/ciel/sky130/versions/0fe599b2afb6708d281543108caf8310912f54af/sky130A/libs.ref/sky130_fd_sc_hd/lib/sky130_fd_sc_hd__tt_025C_1v80.lib'…
Reading design constraints file at '/nix/store/p32knifc9l2cvqzrxkf9hcjphzkhn19d-python3-3.11.9-env/lib/python3.11/site-packages/librelane/scripts/base.sdc'…
[INFO] Using clock clk…
[INFO] Setting output delay to: 5
[INFO] Setting input delay to: 5
[INFO] Setting load to: 0.033442
[INFO] Setting clock uncertainty to: 0.25
[INFO] Setting clock transition to: 0.1499999999999999944488848768742172978818416595458984375
[INFO] Setting timing derate to: 5%
[INFO] Setting RC values…
[INFO] Setting signal min routing layer to: met1 and clock min routing layer to met1. 
[INFO] Setting signal max routing layer to: met5 and clock max routing layer to met5. 
+ global_placement -density 0.6253329999999999 -timing_driven -routability_driven -pad_right 0 -pad_left 0 -init_wirelength_coef 0.25
[INFO GPL-0002] DBU: 1000
[INFO GPL-0003] SiteSize: (  0.460  2.720 ) um
[INFO GPL-0004] CoreBBox: (  5.520 10.880 ) ( 63.020 68.000 ) um
[INFO GPL-0006] NumInstances:               228
[INFO GPL-0007] NumPlaceInstances:          140
[INFO GPL-0008] NumFixedInstances:           88
[INFO GPL-0009] NumDummyInstances:            0
[INFO GPL-0010] NumNets:                    143
[INFO GPL-0011] NumPins:                    536
[INFO GPL-0012] DieBBox:  (  0.000  0.000 ) ( 68.795 79.515 ) um
[INFO GPL-0013] CoreBBox: (  5.520 10.880 ) ( 63.020 68.000 ) um
[INFO GPL-0016] CoreArea:              3284.400 um^2
[INFO GPL-0017] NonPlaceInstsArea:      215.206 um^2
[INFO GPL-0018] PlaceInstsArea:        1667.850 um^2
[INFO GPL-0019] Util:                    54.342 %
[INFO GPL-0020] StdInstsArea:          1667.850 um^2
[INFO GPL-0021] MacroInstsArea:           0.000 um^2
[InitialPlace]  Iter: 1 CG residual: 0.00000008 HPWL: 3213335
[InitialPlace]  Iter: 2 CG residual: 0.00000006 HPWL: 2690300
[InitialPlace]  Iter: 3 CG residual: 0.00000009 HPWL: 2689524
[InitialPlace]  Iter: 4 CG residual: 0.00000011 HPWL: 2695817
[InitialPlace]  Iter: 5 CG residual: 0.00000010 HPWL: 2691766
[INFO GPL-0031] FillerInit:NumGCells:       161
[INFO GPL-0032] FillerInit:NumGNets:        143
[INFO GPL-0033] FillerInit:NumGPins:        536
[INFO GPL-0023] TargetDensity:            0.625
[INFO GPL-0024] AvrgPlaceInstArea:       11.913 um^2
[INFO GPL-0025] IdealBinArea:            19.051 um^2
[INFO GPL-0026] IdealBinCnt:                172
[INFO GPL-0027] TotalBinArea:          3284.400 um^2
[INFO GPL-0028] BinCnt:         8      8
[INFO GPL-0029] BinSize: (  7.188  7.140 )
[INFO GPL-0030] NumBins: 64
[NesterovSolve] Iter:    1 overflow: 0.753 HPWL: 1648444
[INFO GPL-0100] Timing-driven: executing resizer for reweighting nets.
[INFO GPL-0101] Timing-driven: worst slack 1.83e-08
[INFO GPL-0103] Timing-driven: weighted 13 nets.
[INFO GPL-0100] Timing-driven: executing resizer for reweighting nets.
[INFO GPL-0101] Timing-driven: worst slack 1.83e-08
[INFO GPL-0103] Timing-driven: weighted 13 nets.
[NesterovSolve] Snapshot saved at iter = 8
[NesterovSolve] Iter:   10 overflow: 0.589 HPWL: 1829847
[NesterovSolve] Iter:   20 overflow: 0.593 HPWL: 1830156
[NesterovSolve] Iter:   30 overflow: 0.592 HPWL: 1829385
[NesterovSolve] Iter:   40 overflow: 0.592 HPWL: 1828786
[NesterovSolve] Iter:   50 overflow: 0.592 HPWL: 1828958
[NesterovSolve] Iter:   60 overflow: 0.592 HPWL: 1829007
[NesterovSolve] Iter:   70 overflow: 0.592 HPWL: 1828860
[NesterovSolve] Iter:   80 overflow: 0.592 HPWL: 1828885
[NesterovSolve] Iter:   90 overflow: 0.591 HPWL: 1828794
[NesterovSolve] Iter:  100 overflow: 0.591 HPWL: 1828623
[NesterovSolve] Iter:  110 overflow: 0.590 HPWL: 1828495
[NesterovSolve] Iter:  120 overflow: 0.589 HPWL: 1828307
[NesterovSolve] Iter:  130 overflow: 0.586 HPWL: 1828116
[NesterovSolve] Iter:  140 overflow: 0.583 HPWL: 1827823
[NesterovSolve] Iter:  150 overflow: 0.579 HPWL: 1827484
[NesterovSolve] Iter:  160 overflow: 0.573 HPWL: 1827134
[NesterovSolve] Iter:  170 overflow: 0.564 HPWL: 1826480
[NesterovSolve] Iter:  180 overflow: 0.549 HPWL: 1825668
[NesterovSolve] Iter:  190 overflow: 0.527 HPWL: 1824114
[NesterovSolve] Iter:  200 overflow: 0.500 HPWL: 1822214
[INFO GPL-0100] Timing-driven: executing resizer for reweighting nets.
[INFO GPL-0101] Timing-driven: worst slack 1.83e-08
[INFO GPL-0103] Timing-driven: weighted 12 nets.
[NesterovSolve] Iter:  210 overflow: 0.483 HPWL: 1829928
[NesterovSolve] Iter:  220 overflow: 0.439 HPWL: 1821530
[NesterovSolve] Iter:  230 overflow: 0.406 HPWL: 1824644
[NesterovSolve] Iter:  240 overflow: 0.363 HPWL: 1823624
[NesterovSolve] Iter:  250 overflow: 0.317 HPWL: 1809420
[INFO GPL-0075] Routability numCall: 1 inflationIterCnt: 1 bloatIterCnt: 0
[INFO GPL-0036] TileBBox: (    0    0 ) ( 6900 6900 ) DBU
[INFO GPL-0038] TileCnt:       9   11
[INFO GPL-0040] NumTiles: 99
[INFO GPL-0081] TotalRouteOverflow: 0
[INFO GPL-0082] OverflowTileCnt: 0
[INFO GPL-0083] 0.5%RC: 0.7486782670021057
[INFO GPL-0084] 1.0%RC: 0.7486782670021057
[INFO GPL-0085] 2.0%RC: 0.7286109328269958
[INFO GPL-0086] 5.0%RC: 0.7032131671905517
[INFO GPL-0087] FinalRC: 0.74867827
[INFO GPL-0077] FinalRC lower than targetRC(1.01), routability not needed.
[NesterovSolve] Iter:  260 overflow: 0.283 HPWL: 1810355
[INFO GPL-0100] Timing-driven: executing resizer for reweighting nets.
[INFO GPL-0101] Timing-driven: worst slack 1.82e-08
[INFO GPL-0103] Timing-driven: weighted 13 nets.
[NesterovSolve] Iter:  270 overflow: 0.256 HPWL: 1813894
[NesterovSolve] Iter:  280 overflow: 0.236 HPWL: 1828336
[NesterovSolve] Iter:  290 overflow: 0.212 HPWL: 1841041
[INFO GPL-0100] Timing-driven: executing resizer for reweighting nets.
[INFO GPL-0101] Timing-driven: worst slack 1.82e-08
[INFO GPL-0103] Timing-driven: weighted 13 nets.
[NesterovSolve] Iter:  300 overflow: 0.175 HPWL: 1856002
[INFO GPL-0100] Timing-driven: executing resizer for reweighting nets.
[INFO GPL-0101] Timing-driven: worst slack 1.82e-08
[INFO GPL-0103] Timing-driven: weighted 13 nets.
[NesterovSolve] Iter:  310 overflow: 0.142 HPWL: 1851613
[NesterovSolve] Iter:  320 overflow: 0.104 HPWL: 1854551
[NesterovSolve] Finished with Overflow: 0.099267
[INFO] Setting RC values…
Setting global connections for newly added cells…
[INFO] Setting global connections...
Updating metrics…
Cell type report:                       Count       Area
  Fill cell                                42     157.65
  Tap cell                                 46      57.56
  Inverter                                 38     142.64
  Sequential cell                          36     945.91
  Multi-Input combinational cell           66     579.31
  Total                                   228    1883.06
Writing OpenROAD database to '/mnt/c/Users/felix/Documents/Master_1ECAM/microelec/projet_microelec/src/runs/RUN_2026-04-28_09-54-31/27-openroad-globalplacement/mini_light_up_game.odb'…
Writing netlist to '/mnt/c/Users/felix/Documents/Master_1ECAM/microelec/projet_microelec/src/runs/RUN_2026-04-28_09-54-31/27-openroad-globalplacement/mini_light_up_game.nl.v'…
Writing powered netlist to '/mnt/c/Users/felix/Documents/Master_1ECAM/microelec/projet_microelec/src/runs/RUN_2026-04-28_09-54-31/27-openroad-globalplacement/mini_light_up_game.pnl.v'…
Writing layout to '/mnt/c/Users/felix/Documents/Master_1ECAM/microelec/projet_microelec/src/runs/RUN_2026-04-28_09-54-31/27-openroad-globalplacement/mini_light_up_game.def'…
Writing timing constraints to '/mnt/c/Users/felix/Documents/Master_1ECAM/microelec/projet_microelec/src/runs/RUN_2026-04-28_09-54-31/27-openroad-globalplacement/mini_light_up_game.sdc'…
