Clock: clk
Sources: clk 
Generated: no
Virtual: yes
Propagated: no
Period: 25.000000

===========================================================================
report_clock_properties
============================================================================
Clock                   Period          Waveform
----------------------------------------------------
clk                  25.000000    0.000000 12.500000

===========================================================================
report_clock_latency
============================================================================
Clock clk
rise -> rise
    min     max
0.000000 0.000000 source latency
0.234214         network latency _174_/CLK
        0.238956 network latency _171_/CLK
---------------
0.234214 0.238956 latency
        0.004742 skew

fall -> fall
    min     max
0.000000 0.000000 source latency
0.221873         network latency _174_/CLK
        0.225967 network latency _171_/CLK
---------------
0.221873 0.225967 latency
        0.004094 skew



===========================================================================
report_clock_min_period
============================================================================
clk period_min = 1.37 fmax = 732.44
