[INFO PSM-0040] All shapes on net VPWR are connected.
########## IR report #################
Net              : VPWR
Corner           : nom_tt_025C_1v80
Supply voltage   : 1.80e+00 V
Worstcase voltage: 1.80e+00 V
Average voltage  : 1.80e+00 V
Average IR drop  : 2.31e-05 V
Worstcase IR drop: 8.13e-05 V
Percentage drop  : 0.00 %
######################################
[INFO PSM-0040] All shapes on net VGND are connected.
########## IR report #################
Net              : VGND
Corner           : nom_tt_025C_1v80
Supply voltage   : 0.00e+00 V
Worstcase voltage: 8.30e-05 V
Average voltage  : 2.29e-05 V
Average IR drop  : 2.29e-05 V
Worstcase IR drop: 8.30e-05 V
Percentage drop  : 0.00 %
######################################
