
 /----------------------------------------------------------------------------\
 |  yosys -- Yosys Open SYnthesis Suite                                       |
 |  Copyright (C) 2012 - 2024  Claire Xenia Wolf <claire@yosyshq.com>         |
 |  Distributed under an ISC-like license, type "license" to see terms        |
 \----------------------------------------------------------------------------/
 Yosys 0.46 (git sha1 e97731b9dda91fa5fa53ed87df7c34163ba59a41, clang++ 17.0.6 -fPIC -O3)
Loaded SDC plugin

1. Executing Liberty frontend: /home/felix/.ciel/ciel/sky130/versions/0fe599b2afb6708d281543108caf8310912f54af/sky130A/libs.ref/sky130_fd_sc_hd/lib/sky130_fd_sc_hd__tt_025C_1v80.lib
Imported 428 cell types from liberty file.
[INFO] Using SDC file '/mnt/c/Users/felix/Documents/Master_1ECAM/microelec/projet_microelec/src/runs/RUN_2026-04-28_09-54-31/06-yosys-synthesis/synthesis.abc.sdc' for ABC…

2. Executing Verilog-2005 frontend: chip.v
Parsing SystemVerilog input from `chip.v' to AST representation.
Storing AST representation for module `$abstract\mini_light_up_game'.
Successfully finished Verilog frontend.

3. Executing HIERARCHY pass (managing design hierarchy).

4. Executing AST frontend in derive mode using pre-parsed AST for module `\mini_light_up_game'.
Generating RTLIL representation for module `\mini_light_up_game'.

4.1. Analyzing design hierarchy..
Top module:  \mini_light_up_game

4.2. Analyzing design hierarchy..
Top module:  \mini_light_up_game
Removing unused module `$abstract\mini_light_up_game'.
Removed 1 unused modules.
Renaming module mini_light_up_game to mini_light_up_game.

5. Generating Graphviz representation of design.
Writing dot description to `/mnt/c/Users/felix/Documents/Master_1ECAM/microelec/projet_microelec/src/runs/RUN_2026-04-28_09-54-31/06-yosys-synthesis/hierarchy.dot'.
Dumping module mini_light_up_game to page 1.

6. Executing TRIBUF pass.

7. Executing HIERARCHY pass (managing design hierarchy).

7.1. Analyzing design hierarchy..
Top module:  \mini_light_up_game

7.2. Analyzing design hierarchy..
Top module:  \mini_light_up_game
Removed 0 unused modules.

8. Executing PROC_CLEAN pass (remove empty switches from decision trees).
Cleaned up 0 empty switches.

9. Executing PROC_RMDEAD pass (remove dead branches from decision trees).
Marked 1 switch rules as full_case in process $proc$chip.v:94$29 in module mini_light_up_game.
Marked 1 switch rules as full_case in process $proc$chip.v:41$4 in module mini_light_up_game.
Marked 1 switch rules as full_case in process $proc$chip.v:29$1 in module mini_light_up_game.
Removed a total of 0 dead cases.

10. Executing PROC_PRUNE pass (remove redundant assignments in processes).
Removed 7 redundant assignments.
Promoted 0 assignments to connections.

11. Executing PROC_INIT pass (extract init attributes).

12. Executing PROC_ARST pass (detect async resets in processes).
Found async reset \reset in `\mini_light_up_game.$proc$chip.v:94$29'.
Found async reset \reset in `\mini_light_up_game.$proc$chip.v:41$4'.
Found async reset \reset in `\mini_light_up_game.$proc$chip.v:29$1'.

13. Executing PROC_ROM pass (convert switches to ROMs).
Converted 0 switches.
<suppressed ~1 debug messages>

14. Executing PROC_MUX pass (convert decision trees to multiplexers).
Creating decoders for process `\mini_light_up_game.$proc$chip.v:94$29'.
     1/6: $0\done_ff[3:0]
     2/6: $0\mem3[5:0]
     3/6: $0\mem2[5:0]
     4/6: $0\mem1[5:0]
     5/6: $0\mem0[5:0]
     6/6: $0\cnt[1:0]
Creating decoders for process `\mini_light_up_game.$proc$chip.v:41$4'.
     1/1: $0\cursor[5:0]
Creating decoders for process `\mini_light_up_game.$proc$chip.v:29$1'.
     1/1: $0\btn_prev[0:0]

15. Executing PROC_DLATCH pass (convert process syncs to latches).

16. Executing PROC_DFF pass (convert process syncs to FFs).
Creating register for signal `\mini_light_up_game.\cnt' using process `\mini_light_up_game.$proc$chip.v:94$29'.
  created $adff cell `$procdff$43' with positive edge clock and positive level reset.
Creating register for signal `\mini_light_up_game.\mem0' using process `\mini_light_up_game.$proc$chip.v:94$29'.
  created $adff cell `$procdff$46' with positive edge clock and positive level reset.
Creating register for signal `\mini_light_up_game.\mem1' using process `\mini_light_up_game.$proc$chip.v:94$29'.
  created $adff cell `$procdff$49' with positive edge clock and positive level reset.
Creating register for signal `\mini_light_up_game.\mem2' using process `\mini_light_up_game.$proc$chip.v:94$29'.
  created $adff cell `$procdff$52' with positive edge clock and positive level reset.
Creating register for signal `\mini_light_up_game.\mem3' using process `\mini_light_up_game.$proc$chip.v:94$29'.
  created $adff cell `$procdff$55' with positive edge clock and positive level reset.
Creating register for signal `\mini_light_up_game.\done_ff' using process `\mini_light_up_game.$proc$chip.v:94$29'.
  created $adff cell `$procdff$58' with positive edge clock and positive level reset.
Creating register for signal `\mini_light_up_game.\cursor' using process `\mini_light_up_game.$proc$chip.v:41$4'.
  created $adff cell `$procdff$61' with positive edge clock and positive level reset.
Creating register for signal `\mini_light_up_game.\btn_prev' using process `\mini_light_up_game.$proc$chip.v:29$1'.
  created $adff cell `$procdff$64' with positive edge clock and positive level reset.

17. Executing PROC_MEMWR pass (convert process memory writes to cells).

18. Executing PROC_CLEAN pass (remove empty switches from decision trees).
Found and cleaned up 1 empty switch in `\mini_light_up_game.$proc$chip.v:94$29'.
Removing empty process `mini_light_up_game.$proc$chip.v:94$29'.
Removing empty process `mini_light_up_game.$proc$chip.v:41$4'.
Removing empty process `mini_light_up_game.$proc$chip.v:29$1'.
Cleaned up 1 empty switch.

19. Executing CHECK pass (checking for obvious problems).
Checking module mini_light_up_game...
Found and reported 0 problems.

20. Executing OPT_EXPR pass (perform const folding).
Optimizing module mini_light_up_game.
<suppressed ~9 debug messages>

21. Executing FLATTEN pass (flatten design).

22. Executing OPT_EXPR pass (perform const folding).
Optimizing module mini_light_up_game.

23. Executing OPT_CLEAN pass (remove unused cells and wires).
Finding unused cells or wires in module \mini_light_up_game..
Removed 0 unused cells and 39 unused wires.
<suppressed ~1 debug messages>

24. Executing OPT_EXPR pass (perform const folding).
Optimizing module mini_light_up_game.

25. Executing OPT_MERGE pass (detect identical cells).
Finding identical cells in module `\mini_light_up_game'.
Removed a total of 0 cells.

26. Executing OPT_MUXTREE pass (detect dead branches in mux trees).
Running muxtree optimizer on module \mini_light_up_game..
  Creating internal representation of mux trees.
  Evaluating internal representation of mux trees.
  Analyzing evaluation results.
Removed 0 multiplexer ports.
<suppressed ~5 debug messages>

27. Executing OPT_REDUCE pass (consolidate $*mux and $reduce_* inputs).
  Optimizing cells in module \mini_light_up_game.
Performed a total of 0 changes.

28. Executing OPT_MERGE pass (detect identical cells).
Finding identical cells in module `\mini_light_up_game'.
Removed a total of 0 cells.

29. Executing OPT_DFF pass (perform DFF optimizations).

30. Executing OPT_CLEAN pass (remove unused cells and wires).
Finding unused cells or wires in module \mini_light_up_game..

31. Executing OPT_EXPR pass (perform const folding).
Optimizing module mini_light_up_game.

32. Executing FSM pass (extract and optimize FSM).

32.1. Executing FSM_DETECT pass (finding FSMs in design).

32.2. Executing FSM_EXTRACT pass (extracting FSM from design).

32.3. Executing FSM_OPT pass (simple optimizations of FSMs).

32.4. Executing OPT_CLEAN pass (remove unused cells and wires).
Finding unused cells or wires in module \mini_light_up_game..

32.5. Executing FSM_OPT pass (simple optimizations of FSMs).

32.6. Executing FSM_RECODE pass (re-assigning FSM state encoding).

32.7. Executing FSM_INFO pass (dumping all available information on FSM cells).

32.8. Executing FSM_MAP pass (mapping FSMs to basic logic).

33. Executing OPT_EXPR pass (perform const folding).
Optimizing module mini_light_up_game.

34. Executing OPT_MERGE pass (detect identical cells).
Finding identical cells in module `\mini_light_up_game'.
Removed a total of 0 cells.

35. Executing OPT_MUXTREE pass (detect dead branches in mux trees).
Running muxtree optimizer on module \mini_light_up_game..
  Creating internal representation of mux trees.
  Evaluating internal representation of mux trees.
  Analyzing evaluation results.
Removed 0 multiplexer ports.
<suppressed ~5 debug messages>

36. Executing OPT_REDUCE pass (consolidate $*mux and $reduce_* inputs).
  Optimizing cells in module \mini_light_up_game.
Performed a total of 0 changes.

37. Executing OPT_MERGE pass (detect identical cells).
Finding identical cells in module `\mini_light_up_game'.
Removed a total of 0 cells.

38. Executing OPT_DFF pass (perform DFF optimizations).
Adding EN signal on $procdff$43 ($adff) from module mini_light_up_game (D = $add$chip.v:110$30_Y, Q = \cnt).

39. Executing OPT_CLEAN pass (remove unused cells and wires).
Finding unused cells or wires in module \mini_light_up_game..
Removed 1 unused cells and 1 unused wires.
<suppressed ~2 debug messages>

40. Executing OPT_EXPR pass (perform const folding).
Optimizing module mini_light_up_game.

41. Rerunning OPT passes. (Maybe there is more to do…)

42. Executing OPT_MUXTREE pass (detect dead branches in mux trees).
Running muxtree optimizer on module \mini_light_up_game..
  Creating internal representation of mux trees.
  Evaluating internal representation of mux trees.
  Analyzing evaluation results.
Removed 0 multiplexer ports.
<suppressed ~4 debug messages>

43. Executing OPT_REDUCE pass (consolidate $*mux and $reduce_* inputs).
  Optimizing cells in module \mini_light_up_game.
Performed a total of 0 changes.

44. Executing OPT_MERGE pass (detect identical cells).
Finding identical cells in module `\mini_light_up_game'.
Removed a total of 0 cells.

45. Executing OPT_DFF pass (perform DFF optimizations).

46. Executing OPT_CLEAN pass (remove unused cells and wires).
Finding unused cells or wires in module \mini_light_up_game..

47. Executing OPT_EXPR pass (perform const folding).
Optimizing module mini_light_up_game.

48. Executing WREDUCE pass (reducing word size of cells).
Removed top 1 bits (of 2) from port B of cell mini_light_up_game.$eq$chip.v:67$6 ($eq).

49. Executing PEEPOPT pass (run peephole optimizers).

50. Executing OPT_CLEAN pass (remove unused cells and wires).
Finding unused cells or wires in module \mini_light_up_game..

51. Executing ALUMACC pass (create $alu and $macc cells).
Extracting $alu and $macc cells in module mini_light_up_game:
  creating $macc model for $add$chip.v:110$30 ($add).
  creating $alu model for $macc $add$chip.v:110$30.
  creating $alu cell for $add$chip.v:110$30: $auto$alumacc.cc:485:replace_alu$66
  created 1 $alu and 0 $macc cells.

52. Executing SHARE pass (SAT-based resource sharing).

53. Executing OPT_EXPR pass (perform const folding).
Optimizing module mini_light_up_game.

54. Executing OPT_MERGE pass (detect identical cells).
Finding identical cells in module `\mini_light_up_game'.
Removed a total of 0 cells.

55. Executing OPT_MUXTREE pass (detect dead branches in mux trees).
Running muxtree optimizer on module \mini_light_up_game..
  Creating internal representation of mux trees.
  Evaluating internal representation of mux trees.
  Analyzing evaluation results.
Removed 0 multiplexer ports.
<suppressed ~4 debug messages>

56. Executing OPT_REDUCE pass (consolidate $*mux and $reduce_* inputs).
  Optimizing cells in module \mini_light_up_game.
Performed a total of 0 changes.

57. Executing OPT_MERGE pass (detect identical cells).
Finding identical cells in module `\mini_light_up_game'.
Removed a total of 0 cells.

58. Executing OPT_DFF pass (perform DFF optimizations).

59. Executing OPT_CLEAN pass (remove unused cells and wires).
Finding unused cells or wires in module \mini_light_up_game..

60. Executing OPT_EXPR pass (perform const folding).
Optimizing module mini_light_up_game.

61. Executing MEMORY pass.

61.1. Executing OPT_MEM pass (optimize memories).
Performed a total of 0 transformations.

61.2. Executing OPT_MEM_PRIORITY pass (removing unnecessary memory write priority relations).
Performed a total of 0 transformations.

61.3. Executing OPT_MEM_FEEDBACK pass (finding memory read-to-write feedback paths).

61.4. Executing MEMORY_BMUX2ROM pass (converting muxes to ROMs).

61.5. Executing MEMORY_DFF pass (merging $dff cells to $memrd).

61.6. Executing OPT_CLEAN pass (remove unused cells and wires).
Finding unused cells or wires in module \mini_light_up_game..

61.7. Executing MEMORY_SHARE pass (consolidating $memrd/$memwr cells).

61.8. Executing OPT_MEM_WIDEN pass (optimize memories where all ports are wide).
Performed a total of 0 transformations.

61.9. Executing OPT_CLEAN pass (remove unused cells and wires).
Finding unused cells or wires in module \mini_light_up_game..

61.10. Executing MEMORY_COLLECT pass (generating $mem cells).

62. Executing OPT_CLEAN pass (remove unused cells and wires).
Finding unused cells or wires in module \mini_light_up_game..

63. Executing OPT_EXPR pass (perform const folding).
Optimizing module mini_light_up_game.

64. Executing OPT_MERGE pass (detect identical cells).
Finding identical cells in module `\mini_light_up_game'.
Removed a total of 0 cells.

65. Executing OPT_DFF pass (perform DFF optimizations).

66. Executing OPT_CLEAN pass (remove unused cells and wires).
Finding unused cells or wires in module \mini_light_up_game..

67. Executing MEMORY_MAP pass (converting memories to logic and flip-flops).

68. Executing OPT_EXPR pass (perform const folding).
Optimizing module mini_light_up_game.

69. Executing OPT_MERGE pass (detect identical cells).
Finding identical cells in module `\mini_light_up_game'.
Removed a total of 0 cells.

70. Executing OPT_MUXTREE pass (detect dead branches in mux trees).
Running muxtree optimizer on module \mini_light_up_game..
  Creating internal representation of mux trees.
  Evaluating internal representation of mux trees.
  Analyzing evaluation results.
Removed 0 multiplexer ports.
<suppressed ~4 debug messages>

71. Executing OPT_REDUCE pass (consolidate $*mux and $reduce_* inputs).
  Optimizing cells in module \mini_light_up_game.
Performed a total of 0 changes.

72. Executing OPT_MERGE pass (detect identical cells).
Finding identical cells in module `\mini_light_up_game'.
Removed a total of 0 cells.

73. Executing OPT_SHARE pass.

74. Executing OPT_DFF pass (perform DFF optimizations).

75. Executing OPT_CLEAN pass (remove unused cells and wires).
Finding unused cells or wires in module \mini_light_up_game..

76. Executing OPT_EXPR pass (perform const folding).
Optimizing module mini_light_up_game.

77. Executing TECHMAP pass (map to technology primitives).

77.1. Executing Verilog-2005 frontend: /nix/store/9r0bh7sp051dpm8km8bqlb028anpd3v3-yosys/bin/../share/yosys/techmap.v
Parsing Verilog input from `/nix/store/9r0bh7sp051dpm8km8bqlb028anpd3v3-yosys/bin/../share/yosys/techmap.v' to AST representation.
Generating RTLIL representation for module `\_90_simplemap_bool_ops'.
Generating RTLIL representation for module `\_90_simplemap_reduce_ops'.
Generating RTLIL representation for module `\_90_simplemap_logic_ops'.
Generating RTLIL representation for module `\_90_simplemap_compare_ops'.
Generating RTLIL representation for module `\_90_simplemap_various'.
Generating RTLIL representation for module `\_90_simplemap_registers'.
Generating RTLIL representation for module `\_90_shift_ops_shr_shl_sshl_sshr'.
Generating RTLIL representation for module `\_90_shift_shiftx'.
Generating RTLIL representation for module `\_90_fa'.
Generating RTLIL representation for module `\_90_lcu_brent_kung'.
Generating RTLIL representation for module `\_90_alu'.
Generating RTLIL representation for module `\_90_macc'.
Generating RTLIL representation for module `\_90_alumacc'.
Generating RTLIL representation for module `\$__div_mod_u'.
Generating RTLIL representation for module `\$__div_mod_trunc'.
Generating RTLIL representation for module `\_90_div'.
Generating RTLIL representation for module `\_90_mod'.
Generating RTLIL representation for module `\$__div_mod_floor'.
Generating RTLIL representation for module `\_90_divfloor'.
Generating RTLIL representation for module `\_90_modfloor'.
Generating RTLIL representation for module `\_90_pow'.
Generating RTLIL representation for module `\_90_pmux'.
Generating RTLIL representation for module `\_90_demux'.
Generating RTLIL representation for module `\_90_lut'.
Successfully finished Verilog frontend.

77.2. Continuing TECHMAP pass.
Using extmapper simplemap for cells of type $not.
Using extmapper simplemap for cells of type $and.
Using extmapper simplemap for cells of type $logic_not.
Using extmapper simplemap for cells of type $eq.
Using extmapper simplemap for cells of type $or.
Using extmapper simplemap for cells of type $mux.
Using extmapper simplemap for cells of type $reduce_and.
Using template $paramod$constmap:1ef046be63c9541309f2f19c4ef998a798f64488$paramod$7fe1424d9d826b3a6286885bc851fafa5143be2b\_90_shift_shiftx for cells of type $shiftx.
Using template $paramod$175e67c02b86e96b1288b9dc100122520d7240d8\_90_alu for cells of type $alu.
Using extmapper simplemap for cells of type $adff.
Using extmapper simplemap for cells of type $adffe.
Using extmapper simplemap for cells of type $xor.
Using template $paramod\_90_lcu_brent_kung\WIDTH=32'00000000000000000000000000000010 for cells of type $lcu.
Using extmapper simplemap for cells of type $pos.
No more expansions possible.
<suppressed ~382 debug messages>

78. Executing OPT_EXPR pass (perform const folding).
Optimizing module mini_light_up_game.
<suppressed ~18 debug messages>

79. Executing OPT_MERGE pass (detect identical cells).
Finding identical cells in module `\mini_light_up_game'.
<suppressed ~15 debug messages>
Removed a total of 5 cells.

80. Executing OPT_DFF pass (perform DFF optimizations).

81. Executing OPT_CLEAN pass (remove unused cells and wires).
Finding unused cells or wires in module \mini_light_up_game..
Removed 6 unused cells and 49 unused wires.
<suppressed ~7 debug messages>

82. Executing OPT_EXPR pass (perform const folding).
Optimizing module mini_light_up_game.

83. Executing OPT_MERGE pass (detect identical cells).
Finding identical cells in module `\mini_light_up_game'.
Removed a total of 0 cells.

84. Executing OPT_DFF pass (perform DFF optimizations).

85. Executing OPT_CLEAN pass (remove unused cells and wires).
Finding unused cells or wires in module \mini_light_up_game..

86. Executing ABC pass (technology mapping using ABC).

86.1. Extracting gate netlist of module `\mini_light_up_game' to `<abc-temp-dir>/input.blif'..
Extracted 138 gates and 176 wires to a netlist network with 38 inputs and 55 outputs.

86.1.1. Executing ABC.
Running ABC command: "/nix/store/6l3aj1gi4lja8z5s4lan2k2cfz9mqkrz-yosys-abc/bin/abc" -s -f <abc-temp-dir>/abc.script 2>&1
ABC: ABC command line: "source <abc-temp-dir>/abc.script".
ABC: 
ABC: + read_blif <abc-temp-dir>/input.blif 
ABC: + read_library <abc-temp-dir>/stdcells.genlib 
ABC: Entered genlib library with 13 gates from file "<abc-temp-dir>/stdcells.genlib".
ABC: + strash 
ABC: + dretime 
ABC: + map 
ABC: + write_blif <abc-temp-dir>/output.blif 

86.1.2. Re-integrating ABC results.
ABC RESULTS:               NOT cells:        1
ABC RESULTS:               AND cells:        4
ABC RESULTS:               MUX cells:       27
ABC RESULTS:             ORNOT cells:        4
ABC RESULTS:            ANDNOT cells:       33
ABC RESULTS:                OR cells:       53
ABC RESULTS:              NAND cells:       10
ABC RESULTS:        internal signals:       83
ABC RESULTS:           input signals:       38
ABC RESULTS:          output signals:       55
Removing temp directory.

87. Executing OPT pass (performing simple optimizations).

87.1. Executing OPT_EXPR pass (perform const folding).
Optimizing module mini_light_up_game.

87.2. Executing OPT_MERGE pass (detect identical cells).
Finding identical cells in module `\mini_light_up_game'.
Removed a total of 0 cells.

87.3. Executing OPT_DFF pass (perform DFF optimizations).

87.4. Executing OPT_CLEAN pass (remove unused cells and wires).
Finding unused cells or wires in module \mini_light_up_game..
Removed 0 unused cells and 127 unused wires.
<suppressed ~10 debug messages>

87.5. Finished fast OPT passes.

88. Executing HIERARCHY pass (managing design hierarchy).

88.1. Analyzing design hierarchy..
Top module:  \mini_light_up_game

88.2. Analyzing design hierarchy..
Top module:  \mini_light_up_game
Removed 0 unused modules.

89. Executing CHECK pass (checking for obvious problems).
Checking module mini_light_up_game...
Found and reported 0 problems.

90. Printing statistics.

=== mini_light_up_game ===

   Number of wires:                100
   Number of wire bits:            178
   Number of public wires:          21
   Number of public wire bits:      97
   Number of ports:                  7
   Number of port bits:             31
   Number of memories:               0
   Number of memory bits:            0
   Number of processes:              0
   Number of cells:                169
     $_ANDNOT_                      33
     $_AND_                          4
     $_DFFE_PP0P_                    2
     $_DFF_PP0_                     34
     $_DFF_PP1_                      1
     $_MUX_                         27
     $_NAND_                        10
     $_NOT_                          1
     $_ORNOT_                        4
     $_OR_                          53

91. Generating Graphviz representation of design.
Writing dot description to `/mnt/c/Users/felix/Documents/Master_1ECAM/microelec/projet_microelec/src/runs/RUN_2026-04-28_09-54-31/06-yosys-synthesis/primitive_techmap.dot'.
Dumping module mini_light_up_game to page 1.

92. Executing OPT pass (performing simple optimizations).

92.1. Executing OPT_EXPR pass (perform const folding).
Optimizing module mini_light_up_game.

92.2. Executing OPT_MERGE pass (detect identical cells).
Finding identical cells in module `\mini_light_up_game'.
Removed a total of 0 cells.

92.3. Executing OPT_MUXTREE pass (detect dead branches in mux trees).
Running muxtree optimizer on module \mini_light_up_game..
  Creating internal representation of mux trees.
  No muxes found in this module.
Removed 0 multiplexer ports.

92.4. Executing OPT_REDUCE pass (consolidate $*mux and $reduce_* inputs).
  Optimizing cells in module \mini_light_up_game.
Performed a total of 0 changes.

92.5. Executing OPT_MERGE pass (detect identical cells).
Finding identical cells in module `\mini_light_up_game'.
Removed a total of 0 cells.

92.6. Executing OPT_DFF pass (perform DFF optimizations).

92.7. Executing OPT_CLEAN pass (remove unused cells and wires).
Finding unused cells or wires in module \mini_light_up_game..

92.8. Executing OPT_EXPR pass (perform const folding).
Optimizing module mini_light_up_game.

92.9. Finished OPT passes. (There is nothing left to do.)

93. Executing OPT_CLEAN pass (remove unused cells and wires).
Finding unused cells or wires in module \mini_light_up_game..
{
   "creator": "Yosys 0.46 (git sha1 e97731b9dda91fa5fa53ed87df7c34163ba59a41, clang++ 17.0.6 -fPIC -O3)",
   "invocation": "stat -json -liberty /mnt/c/Users/felix/Documents/Master_1ECAM/microelec/projet_microelec/src/runs/RUN_2026-04-28_09-54-31/tmp/4f00359ee6fe4d9e82a32cdccccb3031.lib ",
   "modules": {
      "\\mini_light_up_game": {
         "num_wires":         100,
         "num_wire_bits":     178,
         "num_pub_wires":     21,
         "num_pub_wire_bits": 97,
         "num_ports":         7,
         "num_port_bits":     31,
         "num_memories":      0,
         "num_memory_bits":   0,
         "num_processes":     0,
         "num_cells":         169,
         "num_cells_by_type": {
            "$_ANDNOT_": 33,
            "$_AND_": 4,
            "$_DFFE_PP0P_": 2,
            "$_DFF_PP0_": 34,
            "$_DFF_PP1_": 1,
            "$_MUX_": 27,
            "$_NAND_": 10,
            "$_NOT_": 1,
            "$_ORNOT_": 4,
            "$_OR_": 53
         }
      }
   },
      "design": {
         "num_wires":         100,
         "num_wire_bits":     178,
         "num_pub_wires":     21,
         "num_pub_wire_bits": 97,
         "num_ports":         7,
         "num_port_bits":     31,
         "num_memories":      0,
         "num_memory_bits":   0,
         "num_processes":     0,
         "num_cells":         169,
         "num_cells_by_type": {
            "$_ANDNOT_": 33,
            "$_AND_": 4,
            "$_DFFE_PP0P_": 2,
            "$_DFF_PP0_": 34,
            "$_DFF_PP1_": 1,
            "$_MUX_": 27,
            "$_NAND_": 10,
            "$_NOT_": 1,
            "$_ORNOT_": 4,
            "$_OR_": 53
         }
      }
}

94. Printing statistics.

=== mini_light_up_game ===

   Number of wires:                100
   Number of wire bits:            178
   Number of public wires:          21
   Number of public wire bits:      97
   Number of ports:                  7
   Number of port bits:             31
   Number of memories:               0
   Number of memory bits:            0
   Number of processes:              0
   Number of cells:                169
     $_ANDNOT_                      33
     $_AND_                          4
     $_DFFE_PP0P_                    2
     $_DFF_PP0_                     34
     $_DFF_PP1_                      1
     $_MUX_                         27
     $_NAND_                        10
     $_NOT_                          1
     $_ORNOT_                        4
     $_OR_                          53

   Area for cell type $_NOT_ is unknown!
   Area for cell type $_AND_ is unknown!
   Area for cell type $_NAND_ is unknown!
   Area for cell type $_OR_ is unknown!
   Area for cell type $_ANDNOT_ is unknown!
   Area for cell type $_ORNOT_ is unknown!
   Area for cell type $_MUX_ is unknown!
   Area for cell type $_DFF_PP0_ is unknown!
   Area for cell type $_DFF_PP1_ is unknown!
   Area for cell type $_DFFE_PP0P_ is unknown!

[INFO] Applying tri-state buffer mapping from '/home/felix/.ciel/ciel/sky130/versions/0fe599b2afb6708d281543108caf8310912f54af/sky130A/libs.tech/openlane/sky130_fd_sc_hd/tribuff_map.v'…

95. Executing TECHMAP pass (map to technology primitives).

95.1. Executing Verilog-2005 frontend: /home/felix/.ciel/ciel/sky130/versions/0fe599b2afb6708d281543108caf8310912f54af/sky130A/libs.tech/openlane/sky130_fd_sc_hd/tribuff_map.v
Parsing Verilog input from `/home/felix/.ciel/ciel/sky130/versions/0fe599b2afb6708d281543108caf8310912f54af/sky130A/libs.tech/openlane/sky130_fd_sc_hd/tribuff_map.v' to AST representation.
Generating RTLIL representation for module `\$_TBUF_'.
Successfully finished Verilog frontend.

95.2. Continuing TECHMAP pass.
No more expansions possible.
<suppressed ~3 debug messages>

96. Executing SIMPLEMAP pass (map simple cells to gate primitives).
[INFO] Applying latch mapping from '/home/felix/.ciel/ciel/sky130/versions/0fe599b2afb6708d281543108caf8310912f54af/sky130A/libs.tech/openlane/sky130_fd_sc_hd/latch_map.v'…

97. Executing TECHMAP pass (map to technology primitives).

97.1. Executing Verilog-2005 frontend: /home/felix/.ciel/ciel/sky130/versions/0fe599b2afb6708d281543108caf8310912f54af/sky130A/libs.tech/openlane/sky130_fd_sc_hd/latch_map.v
Parsing Verilog input from `/home/felix/.ciel/ciel/sky130/versions/0fe599b2afb6708d281543108caf8310912f54af/sky130A/libs.tech/openlane/sky130_fd_sc_hd/latch_map.v' to AST representation.
Generating RTLIL representation for module `\$_DLATCH_P_'.
Generating RTLIL representation for module `\$_DLATCH_N_'.
Successfully finished Verilog frontend.

97.2. Continuing TECHMAP pass.
No more expansions possible.
<suppressed ~4 debug messages>

98. Executing SIMPLEMAP pass (map simple cells to gate primitives).

99. Executing DFFLIBMAP pass (mapping DFF cells to sequential cells from liberty file).
  cell sky130_fd_sc_hd__dfxtp_2 (noninv, pins=3, area=21.27) is a direct match for cell type $_DFF_P_.
  cell sky130_fd_sc_hd__dfrtp_2 (noninv, pins=4, area=26.28) is a direct match for cell type $_DFF_PN0_.
  cell sky130_fd_sc_hd__dfstp_2 (noninv, pins=4, area=26.28) is a direct match for cell type $_DFF_PN1_.
  cell sky130_fd_sc_hd__dfbbn_2 (noninv, pins=6, area=35.03) is a direct match for cell type $_DFFSR_NNN_.
  final dff cell mappings:
    unmapped dff cell: $_DFF_N_
    \sky130_fd_sc_hd__dfxtp_2 _DFF_P_ (.CLK( C), .D( D), .Q( Q));
    unmapped dff cell: $_DFF_NN0_
    unmapped dff cell: $_DFF_NN1_
    unmapped dff cell: $_DFF_NP0_
    unmapped dff cell: $_DFF_NP1_
    \sky130_fd_sc_hd__dfrtp_2 _DFF_PN0_ (.CLK( C), .D( D), .Q( Q), .RESET_B( R));
    \sky130_fd_sc_hd__dfstp_2 _DFF_PN1_ (.CLK( C), .D( D), .Q( Q), .SET_B( R));
    unmapped dff cell: $_DFF_PP0_
    unmapped dff cell: $_DFF_PP1_
    \sky130_fd_sc_hd__dfbbn_2 _DFFSR_NNN_ (.CLK_N( C), .D( D), .Q( Q), .Q_N(~Q), .RESET_B( R), .SET_B( S));
    unmapped dff cell: $_DFFSR_NNP_
    unmapped dff cell: $_DFFSR_NPN_
    unmapped dff cell: $_DFFSR_NPP_
    unmapped dff cell: $_DFFSR_PNN_
    unmapped dff cell: $_DFFSR_PNP_
    unmapped dff cell: $_DFFSR_PPN_
    unmapped dff cell: $_DFFSR_PPP_

99.1. Executing DFFLEGALIZE pass (convert FFs to types supported by the target).
Mapping DFF cells in module `\mini_light_up_game':
  mapped 36 $_DFF_PN0_ cells to \sky130_fd_sc_hd__dfrtp_2 cells.
  mapped 1 $_DFF_PN1_ cells to \sky130_fd_sc_hd__dfstp_2 cells.
{
   "creator": "Yosys 0.46 (git sha1 e97731b9dda91fa5fa53ed87df7c34163ba59a41, clang++ 17.0.6 -fPIC -O3)",
   "invocation": "stat -json -liberty /mnt/c/Users/felix/Documents/Master_1ECAM/microelec/projet_microelec/src/runs/RUN_2026-04-28_09-54-31/tmp/4f00359ee6fe4d9e82a32cdccccb3031.lib ",
   "modules": {
      "\\mini_light_up_game": {
         "num_wires":         139,
         "num_wire_bits":     217,
         "num_pub_wires":     21,
         "num_pub_wire_bits": 97,
         "num_ports":         7,
         "num_port_bits":     31,
         "num_memories":      0,
         "num_memory_bits":   0,
         "num_processes":     0,
         "num_cells":         208,
         "area":              972.182400,
         "num_cells_by_type": {
            "$_ANDNOT_": 33,
            "$_AND_": 4,
            "$_MUX_": 29,
            "$_NAND_": 10,
            "$_NOT_": 38,
            "$_ORNOT_": 4,
            "$_OR_": 53,
            "sky130_fd_sc_hd__dfrtp_2": 36,
            "sky130_fd_sc_hd__dfstp_2": 1
         }
      }
   },
      "design": {
         "num_wires":         139,
         "num_wire_bits":     217,
         "num_pub_wires":     21,
         "num_pub_wire_bits": 97,
         "num_ports":         7,
         "num_port_bits":     31,
         "num_memories":      0,
         "num_memory_bits":   0,
         "num_processes":     0,
         "num_cells":         208,
         "area":              972.182400,
         "num_cells_by_type": {
            "$_ANDNOT_": 33,
            "$_AND_": 4,
            "$_MUX_": 29,
            "$_NAND_": 10,
            "$_NOT_": 38,
            "$_ORNOT_": 4,
            "$_OR_": 53,
            "sky130_fd_sc_hd__dfrtp_2": 36,
            "sky130_fd_sc_hd__dfstp_2": 1
         }
      }
}

100. Printing statistics.

=== mini_light_up_game ===

   Number of wires:                139
   Number of wire bits:            217
   Number of public wires:          21
   Number of public wire bits:      97
   Number of ports:                  7
   Number of port bits:             31
   Number of memories:               0
   Number of memory bits:            0
   Number of processes:              0
   Number of cells:                208
     $_ANDNOT_                      33
     $_AND_                          4
     $_MUX_                         29
     $_NAND_                        10
     $_NOT_                         38
     $_ORNOT_                        4
     $_OR_                          53
     sky130_fd_sc_hd__dfrtp_2       36
     sky130_fd_sc_hd__dfstp_2        1

   Area for cell type $_NOT_ is unknown!
   Area for cell type $_AND_ is unknown!
   Area for cell type $_NAND_ is unknown!
   Area for cell type $_OR_ is unknown!
   Area for cell type $_ANDNOT_ is unknown!
   Area for cell type $_ORNOT_ is unknown!
   Area for cell type $_MUX_ is unknown!

   Chip area for module '\mini_light_up_game': 972.182400
     of which used for sequential elements: 972.182400 (100.00%)

[INFO] Using generated ABC script '/mnt/c/Users/felix/Documents/Master_1ECAM/microelec/projet_microelec/src/runs/RUN_2026-04-28_09-54-31/06-yosys-synthesis/AREA_0.abc'…

101. Executing ABC pass (technology mapping using ABC).

101.1. Extracting gate netlist of module `\mini_light_up_game' to `/tmp/yosys-abc-gVW29R/input.blif'..
Extracted 171 gates and 210 wires to a netlist network with 39 inputs and 91 outputs.

101.1.1. Executing ABC.
Running ABC command: "/nix/store/6l3aj1gi4lja8z5s4lan2k2cfz9mqkrz-yosys-abc/bin/abc" -s -f /tmp/yosys-abc-gVW29R/abc.script 2>&1
ABC: ABC command line: "source /tmp/yosys-abc-gVW29R/abc.script".
ABC: 
ABC: + read_blif /tmp/yosys-abc-gVW29R/input.blif 
ABC: + read_lib -w /mnt/c/Users/felix/Documents/Master_1ECAM/microelec/projet_microelec/src/runs/RUN_2026-04-28_09-54-31/tmp/4f00359ee6fe4d9e82a32cdccccb3031.lib 
ABC: Parsing finished successfully.  Parsing time =     0.09 sec
ABC: Scl_LibertyReadGenlib() skipped sequential cell "sky130_fd_sc_hd__dfbbn_2".
ABC: Scl_LibertyReadGenlib() skipped sequential cell "sky130_fd_sc_hd__dfrbp_2".
ABC: Scl_LibertyReadGenlib() skipped sequential cell "sky130_fd_sc_hd__dfrtp_2".
ABC: Scl_LibertyReadGenlib() skipped sequential cell "sky130_fd_sc_hd__dfrtp_4".
ABC: Scl_LibertyReadGenlib() skipped sequential cell "sky130_fd_sc_hd__dfsbp_2".
ABC: Scl_LibertyReadGenlib() skipped sequential cell "sky130_fd_sc_hd__dfstp_2".
ABC: Scl_LibertyReadGenlib() skipped sequential cell "sky130_fd_sc_hd__dfstp_4".
ABC: Scl_LibertyReadGenlib() skipped sequential cell "sky130_fd_sc_hd__dfxbp_2".
ABC: Scl_LibertyReadGenlib() skipped sequential cell "sky130_fd_sc_hd__dfxtp_2".
ABC: Scl_LibertyReadGenlib() skipped sequential cell "sky130_fd_sc_hd__dfxtp_4".
ABC: Scl_LibertyReadGenlib() skipped sequential cell "sky130_fd_sc_hd__dlxtn_1".
ABC: Scl_LibertyReadGenlib() skipped sequential cell "sky130_fd_sc_hd__dlxtn_2".
ABC: Scl_LibertyReadGenlib() skipped sequential cell "sky130_fd_sc_hd__dlxtn_4".
ABC: Scl_LibertyReadGenlib() skipped sequential cell "sky130_fd_sc_hd__dlxtp_1".
ABC: Scl_LibertyReadGenlib() skipped three-state cell "sky130_fd_sc_hd__ebufn_2".
ABC: Scl_LibertyReadGenlib() skipped three-state cell "sky130_fd_sc_hd__ebufn_4".
ABC: Scl_LibertyReadGenlib() skipped three-state cell "sky130_fd_sc_hd__ebufn_8".
ABC: Library "sky130_fd_sc_hd__tt_025C_1v80" from "/mnt/c/Users/felix/Documents/Master_1ECAM/microelec/projet_microelec/src/runs/RUN_2026-04-28_09-54-31/tmp/4f00359ee6fe4d9e82a32cdccccb3031.lib" has 175 cells (17 skipped: 14 seq; 3 tri-state; 0 no func; 0 dont_use).  Time =     0.12 sec
ABC: Memory =    9.54 MB. Time =     0.12 sec
ABC: Warning: Detected 2 multi-output gates (for example, "sky130_fd_sc_hd__fa_1").
ABC: + read_constr -v /mnt/c/Users/felix/Documents/Master_1ECAM/microelec/projet_microelec/src/runs/RUN_2026-04-28_09-54-31/06-yosys-synthesis/synthesis.abc.sdc 
ABC: Setting driving cell to be "sky130_fd_sc_hd__inv_2/Y".
ABC: Setting output load to be 33.442001.
ABC: + source /mnt/c/Users/felix/Documents/Master_1ECAM/microelec/projet_microelec/src/runs/RUN_2026-04-28_09-54-31/06-yosys-synthesis/AREA_0.abc 
ABC: Error: The network is combinational.
ABC: Cannot find the default PI driving cell (sky130_fd_sc_hd__inv_2/Y) in the library.
ABC: WireLoad = "none"  Gates =    103 ( 37.9 %)   Cap = 26.2 ff (  4.7 %)   Area =      728.20 ( 62.1 %)   Delay =  1296.05 ps  (  6.8 %)               
ABC: Path  0 --       1 : 0   19 pi                       A =   0.00  Df =   0.0   -0.0 ps  S =   0.0 ps  Cin =  0.0 ff  Cout =  47.7 ff  Cmax =   0.0 ff  G =    0  
ABC: Path  1 --     137 : 4    7 sky130_fd_sc_hd__nor4b_2 A =  15.01  Df = 459.2 -291.8 ps  S = 481.6 ps  Cin =  3.7 ff  Cout =  17.0 ff  Cmax =  65.0 ff  G =  443  
ABC: Path  2 --     151 : 3    2 sky130_fd_sc_hd__a21o_2  A =   8.76  Df = 780.2 -317.7 ps  S = 182.3 ps  Cin =  2.4 ff  Cout =  35.0 ff  Cmax = 309.5 ff  G = 1487  
ABC: Path  3 --     152 : 4    1 sky130_fd_sc_hd__and4_2  A =  10.01  Df =1008.2 -301.6 ps  S =  44.1 ps  Cin =  1.5 ff  Cout =   1.6 ff  Cmax = 300.3 ff  G =  100  
ABC: Path  4 --     153 : 3    1 sky130_fd_sc_hd__and3_2  A =   7.51  Df =1296.1 -309.6 ps  S = 182.2 ps  Cin =  1.5 ff  Cout =  33.4 ff  Cmax = 309.5 ff  G = 2252  
ABC: Start-point = pi0 (\cnt [1]).  End-point = po8 (\done_comb [0]).
ABC: netlist                       : i/o =   39/   91  lat =    0  nd =   103  edge =    265  area =728.14  delay = 4.00  lev = 4
ABC: + write_blif /tmp/yosys-abc-gVW29R/output.blif 

101.1.2. Re-integrating ABC results.
ABC RESULTS:   sky130_fd_sc_hd__nor4b_2 cells:        1
ABC RESULTS:   sky130_fd_sc_hd__o2bb2a_2 cells:        1
ABC RESULTS:   sky130_fd_sc_hd__and4bb_2 cells:        2
ABC RESULTS:   sky130_fd_sc_hd__and4b_2 cells:        2
ABC RESULTS:   sky130_fd_sc_hd__a31o_2 cells:       24
ABC RESULTS:   sky130_fd_sc_hd__a21o_2 cells:       26
ABC RESULTS:   sky130_fd_sc_hd__and4_2 cells:        4
ABC RESULTS:   sky130_fd_sc_hd__and3_2 cells:        4
ABC RESULTS:   sky130_fd_sc_hd__inv_2 cells:       39
ABC RESULTS:        internal signals:       80
ABC RESULTS:           input signals:       39
ABC RESULTS:          output signals:       91
Removing temp directory.

102. Executing SETUNDEF pass (replace undef values with defined constants).

103. Executing HILOMAP pass (mapping to constant drivers).

104. Executing SPLITNETS pass (splitting up multi-bit signals).

105. Executing OPT_CLEAN pass (remove unused cells and wires).
Finding unused cells or wires in module \mini_light_up_game..
Removed 4 unused cells and 220 unused wires.
<suppressed ~8 debug messages>

106. Executing INSBUF pass (insert buffer cells for connected wires).

107. Executing CHECK pass (checking for obvious problems).
Checking module mini_light_up_game...
Found and reported 0 problems.
{
   "creator": "Yosys 0.46 (git sha1 e97731b9dda91fa5fa53ed87df7c34163ba59a41, clang++ 17.0.6 -fPIC -O3)",
   "invocation": "stat -json -liberty /mnt/c/Users/felix/Documents/Master_1ECAM/microelec/projet_microelec/src/runs/RUN_2026-04-28_09-54-31/tmp/4f00359ee6fe4d9e82a32cdccccb3031.lib ",
   "modules": {
      "\\mini_light_up_game": {
         "num_wires":         119,
         "num_wire_bits":     143,
         "num_pub_wires":     70,
         "num_pub_wire_bits": 94,
         "num_ports":         7,
         "num_port_bits":     31,
         "num_memories":      0,
         "num_memory_bits":   0,
         "num_processes":     0,
         "num_cells":         140,
         "area":              1667.849600,
         "num_cells_by_type": {
            "sky130_fd_sc_hd__a21o_2": 26,
            "sky130_fd_sc_hd__a31o_2": 24,
            "sky130_fd_sc_hd__and3_2": 3,
            "sky130_fd_sc_hd__and4_2": 3,
            "sky130_fd_sc_hd__and4b_2": 2,
            "sky130_fd_sc_hd__and4bb_2": 2,
            "sky130_fd_sc_hd__conb_1": 4,
            "sky130_fd_sc_hd__dfrtp_2": 35,
            "sky130_fd_sc_hd__dfstp_2": 1,
            "sky130_fd_sc_hd__inv_2": 38,
            "sky130_fd_sc_hd__nor4b_2": 1,
            "sky130_fd_sc_hd__o2bb2a_2": 1
         }
      }
   },
      "design": {
         "num_wires":         119,
         "num_wire_bits":     143,
         "num_pub_wires":     70,
         "num_pub_wire_bits": 94,
         "num_ports":         7,
         "num_port_bits":     31,
         "num_memories":      0,
         "num_memory_bits":   0,
         "num_processes":     0,
         "num_cells":         140,
         "area":              1667.849600,
         "num_cells_by_type": {
            "sky130_fd_sc_hd__a21o_2": 26,
            "sky130_fd_sc_hd__a31o_2": 24,
            "sky130_fd_sc_hd__and3_2": 3,
            "sky130_fd_sc_hd__and4_2": 3,
            "sky130_fd_sc_hd__and4b_2": 2,
            "sky130_fd_sc_hd__and4bb_2": 2,
            "sky130_fd_sc_hd__conb_1": 4,
            "sky130_fd_sc_hd__dfrtp_2": 35,
            "sky130_fd_sc_hd__dfstp_2": 1,
            "sky130_fd_sc_hd__inv_2": 38,
            "sky130_fd_sc_hd__nor4b_2": 1,
            "sky130_fd_sc_hd__o2bb2a_2": 1
         }
      }
}

108. Printing statistics.

=== mini_light_up_game ===

   Number of wires:                119
   Number of wire bits:            143
   Number of public wires:          70
   Number of public wire bits:      94
   Number of ports:                  7
   Number of port bits:             31
   Number of memories:               0
   Number of memory bits:            0
   Number of processes:              0
   Number of cells:                140
     sky130_fd_sc_hd__a21o_2        26
     sky130_fd_sc_hd__a31o_2        24
     sky130_fd_sc_hd__and3_2         3
     sky130_fd_sc_hd__and4_2         3
     sky130_fd_sc_hd__and4b_2        2
     sky130_fd_sc_hd__and4bb_2       2
     sky130_fd_sc_hd__conb_1         4
     sky130_fd_sc_hd__dfrtp_2       35
     sky130_fd_sc_hd__dfstp_2        1
     sky130_fd_sc_hd__inv_2         38
     sky130_fd_sc_hd__nor4b_2        1
     sky130_fd_sc_hd__o2bb2a_2       1

   Chip area for module '\mini_light_up_game': 1667.849600
     of which used for sequential elements: 945.907200 (56.71%)

109. Executing Verilog backend.
Dumping module `\mini_light_up_game'.

110. Executing JSON backend.
