Clock: clk
Sources: clk 
Generated: no
Virtual: yes
Propagated: no
Period: 25.000000

===========================================================================
report_clock_properties
============================================================================
Clock                   Period          Waveform
----------------------------------------------------
clk                  25.000000    0.000000 12.500000

===========================================================================
report_clock_latency
============================================================================
Clock clk
rise -> rise
    min     max
0.000000 0.000000 source latency
0.239108         network latency _174_/CLK
        0.244574 network latency _171_/CLK
---------------
0.239108 0.244574 latency
        0.005466 skew

fall -> fall
    min     max
0.000000 0.000000 source latency
0.225462         network latency _174_/CLK
        0.230290 network latency _171_/CLK
---------------
0.225462 0.230290 latency
        0.004828 skew



===========================================================================
report_clock_min_period
============================================================================
clk period_min = 1.38 fmax = 724.62
