
===========================================================================
 report_power
============================================================================
======================= max_ff_n40C_1v95 Corner ===================================

Group                    Internal    Switching      Leakage        Total
                            Power        Power        Power        Power (Watts)
------------------------------------------------------------------------
Sequential           6.804518e-05 1.098780e-07 6.977486e-10 6.815576e-05  47.8%
Combinational        1.420119e-06 3.475533e-06 1.923996e-09 4.897575e-06   3.4%
Clock                4.440363e-05 2.519220e-05 7.289507e-10 6.959656e-05  48.8%
Macro                0.000000e+00 0.000000e+00 0.000000e+00 0.000000e+00   0.0%
Pad                  0.000000e+00 0.000000e+00 0.000000e+00 0.000000e+00   0.0%
------------------------------------------------------------------------
Total                1.138689e-04 2.877761e-05 3.350700e-09 1.426499e-04 100.0%
                            79.8%        20.2%         0.0%

