---------------------------------------
Resource Usage Report for mini_light_up_game 

Mapping to part: ice40up5ksg48i-6
Cell usage:
CCU2_B          11 uses
FD1P3BZ         1 use
FD1P3DZ         60 uses
VHI             1 use
VLO             1 use
LUT4            95 uses

I/O ports: 27
I/O primitives: 27
IB             3 uses
OB             24 uses

I/O Register bits:                  0
Register bits not including I/Os:   61 of 5280 (1%)

@S |Mapping Summary:
Total  LUTs: 95 (1%)

Distribution of All Consumed LUTs = LUT4 
Distribution of All Consumed LUTs 95 = 95 

