
Copyright (C) 1994-2025 Synopsys, Inc.
This Synopsys software and all associated documentation are proprietary to Synopsys, Inc.
and may only be used pursuant to the terms and conditions of a written license agreement
with Synopsys, Inc. All other use, reproduction, modification, or distribution of the
Synopsys software or the associated documentation is strictly prohibited.
Tool: Synplify Pro (R)
Build: W-2025.03LR-SP1
Install: C:\lscc\radiant\2025.2\synpbase
OS: Windows 10 or later
Hostname: PCDEFÉLIX

Implementation : impl_1

# Written on Wed May  6 15:24:51 2026

##### DESIGN INFO #######################################################

Top View:                "mini_light_up_game"
Constraint File(s):      "C:\lscc\radiant\2025.2\scripts\tcl\flow\radiant_synplify_vars.tcl"




##### SUMMARY ############################################################

Found 0 issues in 0 out of 0 constraints


##### DETAILS ############################################################


Clock Summary
*************

          Start                      Requested     Requested     Clock        Clock                                          Clock
Level     Clock                      Frequency     Period        Type         Group                                          Load 
----------------------------------------------------------------------------------------------------------------------------------
0 -       mini_light_up_game|clk     200.0 MHz     5.000         inferred     Inferred_clkgroup_0, Inferred_clkgroup_0_1     59   
==================================================================================================================================


Clock Load Summary
******************

                           Clock     Source        Clock Pin       Non-clock Pin     Non-clock Pin
Clock                      Load      Pin           Seq Example     Seq Example       Comb Example 
--------------------------------------------------------------------------------------------------
mini_light_up_game|clk     59        clk(port)     ce.C            -                 -            
==================================================================================================



Clock Relationships
*******************

Starting                   Ending                     |     rise to rise     |     fall to fall     |     rise to fall     |     fall to rise                     
-----------------------------------------------------------------------------------------------------------------------------------------------------------------
mini_light_up_game|clk     mini_light_up_game|clk     |     5.000            |     No paths         |     No paths         |     No paths                         
=================================================================================================================================================================
 Note: 'No paths' indicates there are no paths in the design for that pair of clock edges.
       'Diff grp' indicates that paths exist but the starting clock and ending clock are in different clock groups.


Unconstrained Start/End Points
******************************

p:btn
p:reset
p:seg0[0]
p:seg0[1]
p:seg0[2]
p:seg0[3]
p:seg0[4]
p:seg0[5]
p:seg1[0]
p:seg1[1]
p:seg1[2]
p:seg1[3]
p:seg1[4]
p:seg1[5]
p:seg2[0]
p:seg2[1]
p:seg2[2]
p:seg2[3]
p:seg2[4]
p:seg2[5]
p:seg3[0]
p:seg3[1]
p:seg3[2]
p:seg3[3]
p:seg3[4]
p:seg3[5]


Inapplicable constraints
************************

(none)


Applicable constraints with issues
**********************************

(none)


Constraints with matching wildcard expressions
**********************************************

(none)


Library Report
**************


# End of Constraint Checker Report
