{
"Synplify Pro (R) Job Log" : {
	"Date" : "15:24:58    06-May-2026",
	"Working Directory" : "C:/Users/felix/Documents/Master_1ECAM/microelec/projet_microelec/FPGA_microelec/impl_1",
	"Install" : "C:/lscc/radiant/2025.2/synpbase"
},
"hdl_info_gen" :{
   "Job Flow" : "Sequential",
   "Start Time" : "15:24:35",
   "Runtime" : "03s",
   "Executable Run Time" : "02s",
   "hdl_info_gen" : {
      "executable" : "bin64/c_vhdl.exe",
      "Run Directory" : "C:/Users/felix/Documents/Master_1ECAM/microelec/projet_microelec/FPGA_microelec/impl_1",
      "Run State" : "Complete",
      "Return Code" : "0",
      "Run Success" : "yes",
      "Run Start Time" : "15:24:35",
      "Run Time" : "03s",
      "Exe Run Time" : "02s",
      "Memory Usage" : "-",
      "Up-to-date (run skipped)" : "no"
   }
},
"impl_1" :{
   "Job Flow" : "Sequential",
   "Start Time" : "15:24:38",
   "Runtime" : "20s",
   "Executable Run Time" : "18s",
   "synthesis" : {
      "Job Flow" : "Sequential",
      "Start Time" : "15:24:38",
      "Runtime" : "20s",
      "Executable Run Time" : "18s",
      "compile" : {
         "Job Flow" : "Sequential",
         "Start Time" : "15:24:38",
         "Runtime" : "13s",
         "Executable Run Time" : "12s",
         "compile_flow" : {
            "Job Flow" : "Sequential",
            "Start Time" : "15:24:38",
            "Runtime" : "08s",
            "Executable Run Time" : "07s",
            "compiler" : {
               "executable" : "bin64/c_hdl.exe",
               "Run Directory" : "C:/Users/felix/Documents/Master_1ECAM/microelec/projet_microelec/FPGA_microelec/impl_1",
               "Run State" : "Complete",
               "Return Code" : "0",
               "Run Success" : "yes",
               "Run Start Time" : "15:24:38",
               "Run Time" : "07s",
               "Exe Run Time" : "06s",
               "max_parallel_jobs" : "4",
               "Memory Usage" : "-",
               "Up-to-date (run skipped)" : "no"
            },
            "multi_srs_gen" : {
               "executable" : "bin64/syn_nfilter.exe",
               "Run Directory" : "C:/Users/felix/Documents/Master_1ECAM/microelec/projet_microelec/FPGA_microelec/impl_1",
               "Run State" : "Complete",
               "Return Code" : "0",
               "Run Success" : "yes",
               "Run Start Time" : "15:24:45",
               "Run Time" : "01s",
               "Exe Run Time" : "01s",
               "Memory Usage" : "-",
               "Up-to-date (run skipped)" : "no"
            }
         },
         "premap" : {
            "executable" : "bin64/m_generic.exe",
            "Run Directory" : "C:/Users/felix/Documents/Master_1ECAM/microelec/projet_microelec/FPGA_microelec/impl_1",
            "Run State" : "Complete",
            "Return Code" : "1",
            "Run Success" : "yes",
            "Run Start Time" : "15:24:46",
            "Run Time" : "05s",
            "Exe Run Time" : "05s",
            "Memory Usage" : "-",
            "Up-to-date (run skipped)" : "no"
         }
      },
      "map" : {
         "Job Flow" : "Sequential",
         "Start Time" : "15:24:52",
         "Runtime" : "06s",
         "Executable Run Time" : "06s",
         "fpga_mapper" : {
            "executable" : "bin64/m_generic.exe",
            "Run Directory" : "C:/Users/felix/Documents/Master_1ECAM/microelec/projet_microelec/FPGA_microelec/impl_1",
            "Run State" : "Complete",
            "Return Code" : "1",
            "Run Success" : "yes",
            "Run Start Time" : "15:24:52",
            "Run Time" : "06s",
            "Exe Run Time" : "06s",
            "Memory Usage" : "-",
            "Up-to-date (run skipped)" : "no"
         }
      }
   }
}
}