
===========================================================================
report_checks -unconstrained
===========================================================================
======================= nom_tt_025C_1v80 Corner ===================================

Startpoint: reset (input port clocked by clk)
Endpoint: _176_ (recovery check against rising-edge clock clk)
Path Group: asynchronous
Path Type: max

Fanout         Cap        Slew       Delay        Time   Description
---------------------------------------------------------------------------------------------
                      0.150000    0.000000    0.000000   clock clk (rise edge)
                                  0.000000    0.000000   clock network delay (ideal)
                                  5.000000    5.000000 v input external delay
    36    0.153936    0.329202    0.248684    5.248684 v reset (in)
                                                         reset (net)
                      0.329202    0.000000    5.248684 v _140_/A (sky130_fd_sc_hd__inv_2)
     1    0.003420    0.073596    0.112747    5.361431 ^ _140_/Y (sky130_fd_sc_hd__inv_2)
                                                         _027_ (net)
                      0.073596    0.000000    5.361431 ^ _176_/SET_B (sky130_fd_sc_hd__dfstp_2)
                                              5.361431   data arrival time

                      0.150000   25.000000   25.000000   clock clk (rise edge)
                                  0.000000   25.000000   clock network delay (ideal)
                                 -0.250000   24.750000   clock uncertainty
                                  0.000000   24.750000   clock reconvergence pessimism
                                             24.750000 ^ _176_/CLK (sky130_fd_sc_hd__dfstp_2)
                                  0.163072   24.913071   library recovery time
                                             24.913071   data required time
---------------------------------------------------------------------------------------------
                                             24.913071   data required time
                                             -5.361431   data arrival time
---------------------------------------------------------------------------------------------
                                             19.551641   slack (MET)


Startpoint: btn (input port clocked by clk)
Endpoint: _173_ (rising edge-triggered flip-flop clocked by clk)
Path Group: clk
Path Type: max

Fanout         Cap        Slew       Delay        Time   Description
---------------------------------------------------------------------------------------------
                      0.150000    0.000000    0.000000   clock clk (rise edge)
                                  0.000000    0.000000   clock network delay (ideal)
                                  5.000000    5.000000 ^ input external delay
     6    0.009722    0.051447    0.033064    5.033064 ^ btn (in)
                                                         btn (net)
                      0.051447    0.000000    5.033064 ^ _055_/D_N (sky130_fd_sc_hd__nor4b_2)
     7    0.016961    0.479009    0.398201    5.431265 ^ _055_/Y (sky130_fd_sc_hd__nor4b_2)
                                                         _042_ (net)
                      0.479009    0.000000    5.431265 ^ _069_/A2 (sky130_fd_sc_hd__a21o_2)
     2    0.003598    0.040018    0.206160    5.637425 ^ _069_/X (sky130_fd_sc_hd__a21o_2)
                                                         nxt0[5] (net)
                      0.040018    0.000000    5.637425 ^ _070_/D (sky130_fd_sc_hd__and4_2)
     1    0.001593    0.043940    0.198324    5.835749 ^ _070_/X (sky130_fd_sc_hd__and4_2)
                                                         _044_ (net)
                      0.043940    0.000000    5.835749 ^ _071_/C (sky130_fd_sc_hd__and3_2)
     1    0.002005    0.039125    0.160359    5.996108 ^ _071_/X (sky130_fd_sc_hd__and3_2)
                                                         done_comb[0] (net)
                      0.039125    0.000000    5.996108 ^ _173_/D (sky130_fd_sc_hd__dfrtp_2)
                                              5.996108   data arrival time

                      0.150000   25.000000   25.000000   clock clk (rise edge)
                                  0.000000   25.000000   clock network delay (ideal)
                                 -0.250000   24.750000   clock uncertainty
                                  0.000000   24.750000   clock reconvergence pessimism
                                             24.750000 ^ _173_/CLK (sky130_fd_sc_hd__dfrtp_2)
                                 -0.046144   24.703856   library setup time
                                             24.703856   data required time
---------------------------------------------------------------------------------------------
                                             24.703856   data required time
                                             -5.996108   data arrival time
---------------------------------------------------------------------------------------------
                                             18.707748   slack (MET)




===========================================================================
report_checks --slack_max -0.01
============================================================================
======================= nom_tt_025C_1v80 Corner ===================================

No paths found.


===========================================================================
 report_check_types -max_slew -max_cap -max_fanout -violators
============================================================================
======================= nom_tt_025C_1v80 Corner ===================================

max slew

Pin                                        Limit        Slew       Slack
------------------------------------------------------------------------
reset                                   0.750000    0.756660   -0.006660 (VIOLATED)
_051_/A                                 0.750000    0.756660   -0.006660 (VIOLATED)
_114_/A                                 0.750000    0.756660   -0.006660 (VIOLATED)
_115_/A                                 0.750000    0.756660   -0.006660 (VIOLATED)
_116_/A                                 0.750000    0.756660   -0.006660 (VIOLATED)
_117_/A                                 0.750000    0.756660   -0.006660 (VIOLATED)
_118_/A                                 0.750000    0.756660   -0.006660 (VIOLATED)
_119_/A                                 0.750000    0.756660   -0.006660 (VIOLATED)
_120_/A                                 0.750000    0.756660   -0.006660 (VIOLATED)
_121_/A                                 0.750000    0.756660   -0.006660 (VIOLATED)
_122_/A                                 0.750000    0.756660   -0.006660 (VIOLATED)
_123_/A                                 0.750000    0.756660   -0.006660 (VIOLATED)
_124_/A                                 0.750000    0.756660   -0.006660 (VIOLATED)
_125_/A                                 0.750000    0.756660   -0.006660 (VIOLATED)
_126_/A                                 0.750000    0.756660   -0.006660 (VIOLATED)
_127_/A                                 0.750000    0.756660   -0.006660 (VIOLATED)
_128_/A                                 0.750000    0.756660   -0.006660 (VIOLATED)
_129_/A                                 0.750000    0.756660   -0.006660 (VIOLATED)
_130_/A                                 0.750000    0.756660   -0.006660 (VIOLATED)
_131_/A                                 0.750000    0.756660   -0.006660 (VIOLATED)
_132_/A                                 0.750000    0.756660   -0.006660 (VIOLATED)
_133_/A                                 0.750000    0.756660   -0.006660 (VIOLATED)
_134_/A                                 0.750000    0.756660   -0.006660 (VIOLATED)
_135_/A                                 0.750000    0.756660   -0.006660 (VIOLATED)
_136_/A                                 0.750000    0.756660   -0.006660 (VIOLATED)
_137_/A                                 0.750000    0.756660   -0.006660 (VIOLATED)
_138_/A                                 0.750000    0.756660   -0.006660 (VIOLATED)
_139_/A                                 0.750000    0.756660   -0.006660 (VIOLATED)
_140_/A                                 0.750000    0.756660   -0.006660 (VIOLATED)
_141_/A                                 0.750000    0.756660   -0.006660 (VIOLATED)
_142_/A                                 0.750000    0.756660   -0.006660 (VIOLATED)
_143_/A                                 0.750000    0.756660   -0.006660 (VIOLATED)
_144_/A                                 0.750000    0.756660   -0.006660 (VIOLATED)
_145_/A                                 0.750000    0.756660   -0.006660 (VIOLATED)
_146_/A                                 0.750000    0.756660   -0.006660 (VIOLATED)
_147_/A                                 0.750000    0.756660   -0.006660 (VIOLATED)
_148_/A                                 0.750000    0.756660   -0.006660 (VIOLATED)

max fanout

Pin                                   Limit Fanout  Slack
---------------------------------------------------------
reset                                    10     36    -26 (VIOLATED)
_183_/Q                                  10     19     -9 (VIOLATED)
_182_/Q                                  10     18     -8 (VIOLATED)
_049_/Y                                  10     12     -2 (VIOLATED)
_050_/Y                                  10     12     -2 (VIOLATED)



===========================================================================
report_parasitic_annotation -report_unannotated
============================================================================
Found 147 unannotated drivers.
 btn
 clk
 reset
 _049_/Y
 _050_/Y
 _051_/Y
 _052_/X
 _053_/X
 _054_/X
 _055_/Y
 _056_/X
 _057_/X
 _058_/X
 _059_/X
 _060_/X
 _061_/X
 _062_/X
 _063_/X
 _064_/X
 _065_/X
 _066_/X
 _067_/X
 _068_/X
 _069_/X
 _070_/X
 _071_/X
 _072_/X
 _073_/X
 _074_/X
 _075_/X
 _076_/X
 _077_/X
 _078_/X
 _079_/X
 _080_/X
 _081_/X
 _082_/X
 _083_/X
 _084_/X
 _085_/X
 _086_/X
 _087_/X
 _088_/X
 _089_/X
 _090_/X
 _091_/X
 _092_/X
 _093_/X
 _094_/X
 _095_/X
 _096_/X
 _097_/X
 _098_/X
 _099_/X
 _100_/X
 _101_/X
 _102_/X
 _103_/X
 _104_/X
 _105_/X
 _106_/X
 _107_/X
 _108_/X
 _109_/X
 _110_/X
 _111_/X
 _112_/X
 _113_/X
 _114_/Y
 _115_/Y
 _116_/Y
 _117_/Y
 _118_/Y
 _119_/Y
 _120_/Y
 _121_/Y
 _122_/Y
 _123_/Y
 _124_/Y
 _125_/Y
 _126_/Y
 _127_/Y
 _128_/Y
 _129_/Y
 _130_/Y
 _131_/Y
 _132_/Y
 _133_/Y
 _134_/Y
 _135_/Y
 _136_/Y
 _137_/Y
 _138_/Y
 _139_/Y
 _140_/Y
 _141_/Y
 _142_/Y
 _143_/Y
 _144_/Y
 _145_/Y
 _146_/Y
 _147_/Y
 _148_/Y
 _149_/Q
 _150_/Q
 _151_/Q
 _152_/Q
 _153_/Q
 _154_/Q
 _155_/Q
 _156_/Q
 _157_/Q
 _158_/Q
 _159_/Q
 _160_/Q
 _161_/Q
 _162_/Q
 _163_/Q
 _164_/Q
 _165_/Q
 _166_/Q
 _167_/Q
 _168_/Q
 _169_/Q
 _170_/Q
 _171_/Q
 _172_/Q
 _173_/Q
 _174_/Q
 _175_/Q
 _176_/Q
 _177_/Q
 _178_/Q
 _179_/Q
 _180_/Q
 _181_/Q
 _182_/Q
 _183_/Q
 _184_/Q
 _185_/HI
 _185_/LO
 _186_/HI
 _186_/LO
 _187_/HI
 _187_/LO
 _188_/HI
 _188_/LO
Found 0 partially unannotated drivers.

===========================================================================
max slew violation count 37
max fanout violation count 5
max cap violation count 0
============================================================================

===========================================================================
check_setup -verbose -unconstrained_endpoints -multiple_clock -no_clock -no_input_delay -loops -generated_clocks
===========================================================================
Warning: There are 4 unconstrained endpoints.
  seg0[6]
  seg1[6]
  seg2[6]
  seg3[6]
