Clock: clk
Sources: clk 
Generated: no
Virtual: no
Propagated: no
Period: 25.000000

===========================================================================
report_clock_properties
============================================================================
Clock                   Period          Waveform
----------------------------------------------------
clk                  25.000000    0.000000 12.500000

===========================================================================
report_clock_latency
============================================================================
Clock clk
rise -> rise
    min     max
0.000000 0.000000 source latency
0.211582         network latency _149_/CLK
        0.211582 network latency _149_/CLK
---------------
0.211582 0.211582 latency
        0.000000 skew

fall -> fall
    min     max
0.000000 0.000000 source latency
0.099437         network latency _149_/CLK
        0.099437 network latency _149_/CLK
---------------
0.099437 0.099437 latency
        0.000000 skew



===========================================================================
report_clock_min_period
============================================================================
clk period_min = 1.89 fmax = 528.12
