
===========================================================================
 report_power
============================================================================
======================= nom_tt_025C_1v80 Corner ===================================

Group                    Internal    Switching      Leakage        Total
                            Power        Power        Power        Power (Watts)
------------------------------------------------------------------------
Sequential           5.840310e-05 7.078752e-08 4.392626e-10 5.847433e-05  96.9%
Combinational        9.101316e-07 9.512701e-07 5.190349e-10 1.861921e-06   3.1%
Clock                0.000000e+00 0.000000e+00 0.000000e+00 0.000000e+00   0.0%
Macro                0.000000e+00 0.000000e+00 0.000000e+00 0.000000e+00   0.0%
Pad                  0.000000e+00 0.000000e+00 0.000000e+00 0.000000e+00   0.0%
------------------------------------------------------------------------
Total                5.931324e-05 1.022058e-06 9.582968e-10 6.033625e-05 100.0%
                            98.3%         1.7%         0.0%

