
===========================================================================
 report_power
============================================================================
======================= nom_tt_025C_1v80 Corner ===================================

Group                    Internal    Switching      Leakage        Total
                            Power        Power        Power        Power (Watts)
------------------------------------------------------------------------
Sequential           5.852656e-05 6.856251e-08 4.871853e-10 5.859561e-05  49.5%
Combinational        1.173444e-06 2.517592e-06 7.592023e-10 3.691794e-06   3.1%
Clock                3.860697e-05 1.739893e-05 2.108087e-10 5.600611e-05  47.3%
Macro                0.000000e+00 0.000000e+00 0.000000e+00 0.000000e+00   0.0%
Pad                  0.000000e+00 0.000000e+00 0.000000e+00 0.000000e+00   0.0%
------------------------------------------------------------------------
Total                9.830698e-05 1.998508e-05 1.457199e-09 1.182935e-04 100.0%
                            83.1%        16.9%         0.0%
Writing metric power__internal__total: 9.830697672441602e-5
Writing metric power__switching__total: 1.9985083781648427e-5
Writing metric power__leakage__total: 1.4571988060652075e-9
Writing metric power__total: 0.00011829351569758728

