Reading OpenROAD database at '/mnt/c/Users/felix/Documents/Master_1ECAM/microelec/projet_microelec/src/runs/RUN_2026-04-28_09-54-31/20-openroad-generatepdn/mini_light_up_game.odb'…
Reading library file at '/home/felix/.ciel/ciel/sky130/versions/0fe599b2afb6708d281543108caf8310912f54af/sky130A/libs.ref/sky130_fd_sc_hd/lib/sky130_fd_sc_hd__tt_025C_1v80.lib'…
Reading design constraints file at '/nix/store/p32knifc9l2cvqzrxkf9hcjphzkhn19d-python3-3.11.9-env/lib/python3.11/site-packages/librelane/scripts/base.sdc'…
[INFO] Using clock clk…
[INFO] Setting output delay to: 5
[INFO] Setting input delay to: 5
[INFO] Setting load to: 0.033442
[INFO] Setting clock uncertainty to: 0.25
[INFO] Setting clock transition to: 0.1499999999999999944488848768742172978818416595458984375
[INFO] Setting timing derate to: 5%
+ global_placement -density 0.6253329999999999 -skip_io -pad_right 0 -pad_left 0 -init_wirelength_coef 0.25
[INFO GPL-0002] DBU: 1000
[INFO GPL-0003] SiteSize: (  0.460  2.720 ) um
[INFO GPL-0004] CoreBBox: (  5.520 10.880 ) ( 63.020 68.000 ) um
[INFO GPL-0006] NumInstances:               228
[INFO GPL-0007] NumPlaceInstances:          140
[INFO GPL-0008] NumFixedInstances:           88
[INFO GPL-0009] NumDummyInstances:            0
[INFO GPL-0010] NumNets:                    143
[INFO GPL-0011] NumPins:                    505
[INFO GPL-0012] DieBBox:  (  0.000  0.000 ) ( 68.795 79.515 ) um
[INFO GPL-0013] CoreBBox: (  5.520 10.880 ) ( 63.020 68.000 ) um
[INFO GPL-0016] CoreArea:              3284.400 um^2
[INFO GPL-0017] NonPlaceInstsArea:      215.206 um^2
[INFO GPL-0018] PlaceInstsArea:        1667.850 um^2
[INFO GPL-0019] Util:                    54.342 %
[INFO GPL-0020] StdInstsArea:          1667.850 um^2
[INFO GPL-0021] MacroInstsArea:           0.000 um^2
[INFO GPL-0031] FillerInit:NumGCells:       161
[INFO GPL-0032] FillerInit:NumGNets:        143
[INFO GPL-0033] FillerInit:NumGPins:        505
[INFO GPL-0023] TargetDensity:            0.625
[INFO GPL-0024] AvrgPlaceInstArea:       11.913 um^2
[INFO GPL-0025] IdealBinArea:            19.051 um^2
[INFO GPL-0026] IdealBinCnt:                172
[INFO GPL-0027] TotalBinArea:          3284.400 um^2
[INFO GPL-0028] BinCnt:         8      8
[INFO GPL-0029] BinSize: (  7.188  7.140 )
[INFO GPL-0030] NumBins: 64
[NesterovSolve] Iter:    1 overflow: 0.924 HPWL: 385232
[NesterovSolve] Iter:   10 overflow: 0.921 HPWL: 279052
[NesterovSolve] Iter:   20 overflow: 0.922 HPWL: 278072
[NesterovSolve] Iter:   30 overflow: 0.922 HPWL: 278137
[NesterovSolve] Iter:   40 overflow: 0.922 HPWL: 278189
[NesterovSolve] Iter:   50 overflow: 0.922 HPWL: 278260
[NesterovSolve] Iter:   60 overflow: 0.922 HPWL: 278575
[NesterovSolve] Iter:   70 overflow: 0.921 HPWL: 279232
[NesterovSolve] Iter:   80 overflow: 0.921 HPWL: 280407
[NesterovSolve] Iter:   90 overflow: 0.921 HPWL: 281801
[NesterovSolve] Iter:  100 overflow: 0.921 HPWL: 282184
[NesterovSolve] Iter:  110 overflow: 0.919 HPWL: 283479
[NesterovSolve] Iter:  120 overflow: 0.913 HPWL: 289650
[NesterovSolve] Iter:  130 overflow: 0.911 HPWL: 296132
[NesterovSolve] Iter:  140 overflow: 0.908 HPWL: 292712
[NesterovSolve] Iter:  150 overflow: 0.897 HPWL: 298936
[NesterovSolve] Iter:  160 overflow: 0.868 HPWL: 325284
[NesterovSolve] Iter:  170 overflow: 0.828 HPWL: 404048
[NesterovSolve] Iter:  180 overflow: 0.760 HPWL: 530279
[NesterovSolve] Iter:  190 overflow: 0.732 HPWL: 627772
[NesterovSolve] Iter:  200 overflow: 0.695 HPWL: 719833
[NesterovSolve] Iter:  210 overflow: 0.650 HPWL: 792084
[NesterovSolve] Iter:  220 overflow: 0.599 HPWL: 859729
[NesterovSolve] Iter:  230 overflow: 0.551 HPWL: 926239
[NesterovSolve] Iter:  240 overflow: 0.503 HPWL: 1003626
[NesterovSolve] Iter:  250 overflow: 0.450 HPWL: 1068775
[NesterovSolve] Iter:  260 overflow: 0.396 HPWL: 1125454
[NesterovSolve] Iter:  270 overflow: 0.343 HPWL: 1165685
[NesterovSolve] Iter:  280 overflow: 0.310 HPWL: 1196144
[NesterovSolve] Iter:  290 overflow: 0.268 HPWL: 1217544
[NesterovSolve] Iter:  300 overflow: 0.231 HPWL: 1232317
[NesterovSolve] Iter:  310 overflow: 0.201 HPWL: 1275947
[NesterovSolve] Iter:  320 overflow: 0.156 HPWL: 1290630
[NesterovSolve] Iter:  330 overflow: 0.123 HPWL: 1312350
[NesterovSolve] Finished with Overflow: 0.099163
[INFO] Setting RC values…
Setting global connections for newly added cells…
[INFO] Setting global connections...
Updating metrics…
Cell type report:                       Count       Area
  Fill cell                                42     157.65
  Tap cell                                 46      57.56
  Inverter                                 38     142.64
  Sequential cell                          36     945.91
  Multi-Input combinational cell           66     579.31
  Total                                   228    1883.06
Writing OpenROAD database to '/mnt/c/Users/felix/Documents/Master_1ECAM/microelec/projet_microelec/src/runs/RUN_2026-04-28_09-54-31/23-openroad-globalplacementskipio/mini_light_up_game.odb'…
Writing netlist to '/mnt/c/Users/felix/Documents/Master_1ECAM/microelec/projet_microelec/src/runs/RUN_2026-04-28_09-54-31/23-openroad-globalplacementskipio/mini_light_up_game.nl.v'…
Writing powered netlist to '/mnt/c/Users/felix/Documents/Master_1ECAM/microelec/projet_microelec/src/runs/RUN_2026-04-28_09-54-31/23-openroad-globalplacementskipio/mini_light_up_game.pnl.v'…
Writing layout to '/mnt/c/Users/felix/Documents/Master_1ECAM/microelec/projet_microelec/src/runs/RUN_2026-04-28_09-54-31/23-openroad-globalplacementskipio/mini_light_up_game.def'…
Writing timing constraints to '/mnt/c/Users/felix/Documents/Master_1ECAM/microelec/projet_microelec/src/runs/RUN_2026-04-28_09-54-31/23-openroad-globalplacementskipio/mini_light_up_game.sdc'…
