Clock: clk
Sources: clk 
Generated: no
Virtual: yes
Propagated: no
Period: 25.000000

===========================================================================
report_clock_properties
============================================================================
Clock                   Period          Waveform
----------------------------------------------------
clk                  25.000000    0.000000 12.500000

===========================================================================
report_clock_latency
============================================================================
Clock clk
rise -> rise
    min     max
0.000000 0.000000 source latency
0.595451         network latency _174_/CLK
        0.605059 network latency _171_/CLK
---------------
0.595451 0.605059 latency
        0.009608 skew

fall -> fall
    min     max
0.000000 0.000000 source latency
0.587838         network latency _174_/CLK
        0.595871 network latency _171_/CLK
---------------
0.587838 0.595871 latency
        0.008033 skew



===========================================================================
report_clock_min_period
============================================================================
clk period_min = 3.84 fmax = 260.31
