
===========================================================================
 report_power
============================================================================
======================= max_ss_100C_1v60 Corner ===================================

Group                    Internal    Switching      Leakage        Total
                            Power        Power        Power        Power (Watts)
------------------------------------------------------------------------
Sequential           4.497514e-05 6.993471e-08 6.699866e-07 4.571506e-05  46.7%
Combinational        9.421807e-07 2.263225e-06 9.846871e-07 4.190093e-06   4.3%
Clock                3.167275e-05 1.627046e-05 1.130541e-07 4.805626e-05  49.1%
Macro                0.000000e+00 0.000000e+00 0.000000e+00 0.000000e+00   0.0%
Pad                  0.000000e+00 0.000000e+00 0.000000e+00 0.000000e+00   0.0%
------------------------------------------------------------------------
Total                7.759008e-05 1.860362e-05 1.767732e-06 9.796143e-05 100.0%
                            79.2%        19.0%         1.8%

