100. Printing statistics.

=== mini_light_up_game ===

   Number of wires:                139
   Number of wire bits:            217
   Number of public wires:          21
   Number of public wire bits:      97
   Number of ports:                  7
   Number of port bits:             31
   Number of memories:               0
   Number of memory bits:            0
   Number of processes:              0
   Number of cells:                208
     $_ANDNOT_                      33
     $_AND_                          4
     $_MUX_                         29
     $_NAND_                        10
     $_NOT_                         38
     $_ORNOT_                        4
     $_OR_                          53
     sky130_fd_sc_hd__dfrtp_2       36
     sky130_fd_sc_hd__dfstp_2        1

   Area for cell type $_NOT_ is unknown!
   Area for cell type $_AND_ is unknown!
   Area for cell type $_NAND_ is unknown!
   Area for cell type $_OR_ is unknown!
   Area for cell type $_ANDNOT_ is unknown!
   Area for cell type $_ORNOT_ is unknown!
   Area for cell type $_MUX_ is unknown!

   Chip area for module '\mini_light_up_game': 972.182400
     of which used for sequential elements: 972.182400 (100.00%)

