94. Printing statistics.

=== mini_light_up_game ===

   Number of wires:                100
   Number of wire bits:            178
   Number of public wires:          21
   Number of public wire bits:      97
   Number of ports:                  7
   Number of port bits:             31
   Number of memories:               0
   Number of memory bits:            0
   Number of processes:              0
   Number of cells:                169
     $_ANDNOT_                      33
     $_AND_                          4
     $_DFFE_PP0P_                    2
     $_DFF_PP0_                     34
     $_DFF_PP1_                      1
     $_MUX_                         27
     $_NAND_                        10
     $_NOT_                          1
     $_ORNOT_                        4
     $_OR_                          53

   Area for cell type $_NOT_ is unknown!
   Area for cell type $_AND_ is unknown!
   Area for cell type $_NAND_ is unknown!
   Area for cell type $_OR_ is unknown!
   Area for cell type $_ANDNOT_ is unknown!
   Area for cell type $_ORNOT_ is unknown!
   Area for cell type $_MUX_ is unknown!
   Area for cell type $_DFF_PP0_ is unknown!
   Area for cell type $_DFF_PP1_ is unknown!
   Area for cell type $_DFFE_PP0P_ is unknown!

