108. Printing statistics.

=== mini_light_up_game ===

   Number of wires:                119
   Number of wire bits:            143
   Number of public wires:          70
   Number of public wire bits:      94
   Number of ports:                  7
   Number of port bits:             31
   Number of memories:               0
   Number of memory bits:            0
   Number of processes:              0
   Number of cells:                140
     sky130_fd_sc_hd__a21o_2        26
     sky130_fd_sc_hd__a31o_2        24
     sky130_fd_sc_hd__and3_2         3
     sky130_fd_sc_hd__and4_2         3
     sky130_fd_sc_hd__and4b_2        2
     sky130_fd_sc_hd__and4bb_2       2
     sky130_fd_sc_hd__conb_1         4
     sky130_fd_sc_hd__dfrtp_2       35
     sky130_fd_sc_hd__dfstp_2        1
     sky130_fd_sc_hd__inv_2         38
     sky130_fd_sc_hd__nor4b_2        1
     sky130_fd_sc_hd__o2bb2a_2       1

   Chip area for module '\mini_light_up_game': 1667.849600
     of which used for sequential elements: 945.907200 (56.71%)

