Clock: clk
Sources: clk 
Generated: no
Virtual: yes
Propagated: no
Period: 25.000000

===========================================================================
report_clock_properties
============================================================================
Clock                   Period          Waveform
----------------------------------------------------
clk                  25.000000    0.000000 12.500000

===========================================================================
report_clock_latency
============================================================================
Clock clk
rise -> rise
    min     max
0.000000 0.000000 source latency
0.323946         network latency _174_/CLK
        0.327428 network latency _178_/CLK
---------------
0.323946 0.327428 latency
        0.003482 skew

fall -> fall
    min     max
0.000000 0.000000 source latency
0.317056         network latency _174_/CLK
        0.320051 network latency _178_/CLK
---------------
0.317056 0.320051 latency
        0.002995 skew



===========================================================================
report_clock_min_period
============================================================================
clk period_min = 2.00 fmax = 499.41
