
===========================================================================
 report_power
============================================================================
======================= nom_tt_025C_1v80 Corner ===================================

Group                    Internal    Switching      Leakage        Total
                            Power        Power        Power        Power (Watts)
------------------------------------------------------------------------
Sequential           5.848255e-05 8.435587e-08 4.871853e-10 5.856740e-05  48.7%
Combinational        1.176344e-06 2.809589e-06 9.756104e-10 3.986909e-06   3.3%
Clock                3.873226e-05 1.892129e-05 2.108087e-10 5.765376e-05  48.0%
Macro                0.000000e+00 0.000000e+00 0.000000e+00 0.000000e+00   0.0%
Pad                  0.000000e+00 0.000000e+00 0.000000e+00 0.000000e+00   0.0%
------------------------------------------------------------------------
Total                9.839117e-05 2.181524e-05 1.673605e-09 1.202081e-04 100.0%
                            81.9%        18.1%         0.0%
Writing metric power__internal__total: 9.839116682996973e-5
Writing metric power__switching__total: 2.1815238142153248e-5
Writing metric power__leakage__total: 1.6736054764265873e-9
Writing metric power__total: 0.00012020807480439544

