Clock: clk
Sources: clk 
Generated: no
Virtual: yes
Propagated: no
Period: 25.000000

===========================================================================
report_clock_properties
============================================================================
Clock                   Period          Waveform
----------------------------------------------------
clk                  25.000000    0.000000 12.500000

===========================================================================
report_clock_latency
============================================================================
Clock clk
rise -> rise
    min     max
0.000000 0.000000 source latency
0.578079         network latency _174_/CLK
        0.585971 network latency _171_/CLK
---------------
0.578079 0.585971 latency
        0.007892 skew

fall -> fall
    min     max
0.000000 0.000000 source latency
0.574988         network latency _174_/CLK
        0.581534 network latency _171_/CLK
---------------
0.574988 0.581534 latency
        0.006546 skew



===========================================================================
report_clock_min_period
============================================================================
clk period_min = 3.77 fmax = 265.20
