Reading OpenROAD database at '/mnt/c/Users/felix/Documents/Master_1ECAM/microelec/projet_microelec/src/runs/RUN_2026-04-28_09-54-31/38-openroad-globalrouting/mini_light_up_game.odb'…
Reading library file at '/home/felix/.ciel/ciel/sky130/versions/0fe599b2afb6708d281543108caf8310912f54af/sky130A/libs.ref/sky130_fd_sc_hd/lib/sky130_fd_sc_hd__tt_025C_1v80.lib'…
Reading design constraints file at '/nix/store/p32knifc9l2cvqzrxkf9hcjphzkhn19d-python3-3.11.9-env/lib/python3.11/site-packages/librelane/scripts/base.sdc'…
[INFO] Using clock clk…
[INFO] Setting output delay to: 5
[INFO] Setting input delay to: 5
[INFO] Setting load to: 0.033442
[INFO] Setting clock uncertainty to: 0.25
[INFO] Setting clock transition to: 0.1499999999999999944488848768742172978818416595458984375
[INFO] Setting timing derate to: 5%
[INFO] Setting signal min routing layer to: met1 and clock min routing layer to met1. 
[INFO] Setting signal max routing layer to: met5 and clock max routing layer to met5. 
-congestion_iterations 50 -verbose
[INFO GRT-0020] Min routing layer: met1
[INFO GRT-0021] Max routing layer: met5
[INFO GRT-0022] Global adjustment: 30%
[INFO GRT-0023] Grid origin: (0, 0)
[INFO GRT-0043] No OR_DEFAULT vias defined.
[INFO GRT-0088] Layer li1     Track-Pitch = 0.4600  line-2-Via Pitch: 0.3400
[INFO GRT-0088] Layer met1    Track-Pitch = 0.3400  line-2-Via Pitch: 0.3400
[INFO GRT-0088] Layer met2    Track-Pitch = 0.4600  line-2-Via Pitch: 0.3500
[INFO GRT-0088] Layer met3    Track-Pitch = 0.6800  line-2-Via Pitch: 0.6150
[INFO GRT-0088] Layer met4    Track-Pitch = 0.9200  line-2-Via Pitch: 1.0400
[INFO GRT-0088] Layer met5    Track-Pitch = 3.4000  line-2-Via Pitch: 3.1100
[INFO GRT-0019] Found 6 clock nets.
[INFO GRT-0001] Minimum degree: 2
[INFO GRT-0002] Maximum degree: 12
[INFO GRT-0003] Macros: 0
[INFO GRT-0043] No OR_DEFAULT vias defined.
[INFO GRT-0004] Blockages: 506

[INFO GRT-0053] Routing resources analysis:
          Routing      Original      Derated      Resource
Layer     Direction    Resources     Resources    Reduction (%)
---------------------------------------------------------------
li1        Vertical            0             0          0.00%
met1       Horizontal       2030           949          53.25%
met2       Vertical         1669          1000          40.08%
met3       Horizontal       1015           640          36.95%
met4       Vertical          694           386          44.38%
met5       Horizontal        203            96          52.71%
---------------------------------------------------------------

[INFO GRT-0197] Via related to pin nodes: 1027
[INFO GRT-0198] Via related Steiner nodes: 19
[INFO GRT-0199] Via filling finished.
[INFO GRT-0111] Final number of vias: 1266
[INFO GRT-0112] Final usage 3D: 4343

[INFO GRT-0096] Final congestion report:
Layer         Resource        Demand        Usage (%)    Max H / Max V / Total Overflow
---------------------------------------------------------------------------------------
li1                  0             0            0.00%             0 /  0 /  0
met1               949           274           28.87%             0 /  0 /  0
met2              1000           257           25.70%             0 /  0 /  0
met3               640            14            2.19%             0 /  0 /  0
met4               386             0            0.00%             0 /  0 /  0
met5                96             0            0.00%             0 /  0 /  0
---------------------------------------------------------------------------------------
Total             3071           545           17.75%             0 /  0 /  0

[INFO GRT-0018] Total wirelength: 6796 um
[INFO GRT-0014] Routed nets: 216
[INFO GRT-0006] Repairing antennas, iteration 1.
[INFO GRT-0043] No OR_DEFAULT vias defined.
[INFO GRT-0012] Found 0 antenna violations.
Placement Analysis
---------------------------------
total displacement          0.0 u
average displacement        0.0 u
max displacement            0.0 u
original HPWL            3302.4 u
legalized HPWL           3432.3 u
delta HPWL                    4 %

[INFO DPL-0020] Mirrored 96 instances
[INFO DPL-0021] HPWL before            3432.3 u
[INFO DPL-0022] HPWL after             3302.4 u
[INFO DPL-0023] HPWL delta               -3.8 %
-congestion_iterations 50 -verbose
[INFO GRT-0020] Min routing layer: met1
[INFO GRT-0021] Max routing layer: met5
[INFO GRT-0022] Global adjustment: 30%
[INFO GRT-0023] Grid origin: (0, 0)
[INFO GRT-0043] No OR_DEFAULT vias defined.
[INFO GRT-0088] Layer li1     Track-Pitch = 0.4600  line-2-Via Pitch: 0.3400
[INFO GRT-0088] Layer met1    Track-Pitch = 0.3400  line-2-Via Pitch: 0.3400
[INFO GRT-0088] Layer met2    Track-Pitch = 0.4600  line-2-Via Pitch: 0.3500
[INFO GRT-0088] Layer met3    Track-Pitch = 0.6800  line-2-Via Pitch: 0.6150
[INFO GRT-0088] Layer met4    Track-Pitch = 0.9200  line-2-Via Pitch: 1.0400
[INFO GRT-0088] Layer met5    Track-Pitch = 3.4000  line-2-Via Pitch: 3.1100
[INFO GRT-0019] Found 6 clock nets.
[INFO GRT-0001] Minimum degree: 2
[INFO GRT-0002] Maximum degree: 12
[INFO GRT-0003] Macros: 0
[INFO GRT-0043] No OR_DEFAULT vias defined.
[INFO GRT-0004] Blockages: 506

[INFO GRT-0053] Routing resources analysis:
          Routing      Original      Derated      Resource
Layer     Direction    Resources     Resources    Reduction (%)
---------------------------------------------------------------
li1        Vertical            0             0          0.00%
met1       Horizontal       2030           949          53.25%
met2       Vertical         1669          1000          40.08%
met3       Horizontal       1015           640          36.95%
met4       Vertical          694           386          44.38%
met5       Horizontal        203            96          52.71%
---------------------------------------------------------------

[INFO GRT-0197] Via related to pin nodes: 1027
[INFO GRT-0198] Via related Steiner nodes: 19
[INFO GRT-0199] Via filling finished.
[INFO GRT-0111] Final number of vias: 1266
[INFO GRT-0112] Final usage 3D: 4343

[INFO GRT-0096] Final congestion report:
Layer         Resource        Demand        Usage (%)    Max H / Max V / Total Overflow
---------------------------------------------------------------------------------------
li1                  0             0            0.00%             0 /  0 /  0
met1               949           274           28.87%             0 /  0 /  0
met2              1000           257           25.70%             0 /  0 /  0
met3               640            14            2.19%             0 /  0 /  0
met4               386             0            0.00%             0 /  0 /  0
met5                96             0            0.00%             0 /  0 /  0
---------------------------------------------------------------------------------------
Total             3071           545           17.75%             0 /  0 /  0

[INFO GRT-0018] Total wirelength: 6796 um
[INFO GRT-0014] Routed nets: 216
[INFO] Setting RC values…
Setting global connections for newly added cells…
[INFO] Setting global connections...
Updating metrics…
Cell type report:                       Count       Area
  Fill cell                                42     157.65
  Tap cell                                 46      57.56
  Clock buffer                              7     140.13
  Timing Repair Buffer                     68     502.98
  Inverter                                 38     142.64
  Clock inverter                            1       5.00
  Sequential cell                          36     920.88
  Multi-Input combinational cell           66     530.51
  Total                                   304    2457.36
Writing OpenROAD database to '/mnt/c/Users/felix/Documents/Master_1ECAM/microelec/projet_microelec/src/runs/RUN_2026-04-28_09-54-31/41-openroad-repairantennas/1-diodeinsertion/mini_light_up_game.odb'…
Writing layout to '/mnt/c/Users/felix/Documents/Master_1ECAM/microelec/projet_microelec/src/runs/RUN_2026-04-28_09-54-31/41-openroad-repairantennas/1-diodeinsertion/mini_light_up_game.def'…
