
===========================================================================
 report_power
============================================================================
======================= nom_ff_n40C_1v95 Corner ===================================

Group                    Internal    Switching      Leakage        Total
                            Power        Power        Power        Power (Watts)
------------------------------------------------------------------------
Sequential           6.897464e-05 8.633197e-08 8.188289e-10 6.906179e-05  96.1%
Combinational        1.717887e-06 1.118939e-06 1.006314e-09 2.837832e-06   3.9%
Clock                0.000000e+00 0.000000e+00 0.000000e+00 0.000000e+00   0.0%
Macro                0.000000e+00 0.000000e+00 0.000000e+00 0.000000e+00   0.0%
Pad                  0.000000e+00 0.000000e+00 0.000000e+00 0.000000e+00   0.0%
------------------------------------------------------------------------
Total                7.069253e-05 1.205271e-06 1.825142e-09 7.189962e-05 100.0%
                            98.3%         1.7%         0.0%

