Clock: clk
Sources: clk 
Generated: no
Virtual: yes
Propagated: no
Period: 25.000000

===========================================================================
report_clock_properties
============================================================================
Clock                   Period          Waveform
----------------------------------------------------
clk                  25.000000    0.000000 12.500000

===========================================================================
report_clock_latency
============================================================================
Clock clk
rise -> rise
    min     max
0.000000 0.000000 source latency
0.316456         network latency _156_/CLK
        0.319168 network latency _169_/CLK
---------------
0.316456 0.319168 latency
        0.002712 skew

fall -> fall
    min     max
0.000000 0.000000 source latency
0.311720         network latency _156_/CLK
        0.313990 network latency _169_/CLK
---------------
0.311720 0.313990 latency
        0.002270 skew



===========================================================================
report_clock_min_period
============================================================================
clk period_min = 1.92 fmax = 520.41
