
===========================================================================
 report_power
============================================================================
======================= nom_tt_025C_1v80 Corner ===================================

Group                    Internal    Switching      Leakage        Total
                            Power        Power        Power        Power (Watts)
------------------------------------------------------------------------
Sequential           5.852375e-05 7.045908e-08 4.871853e-10 5.859470e-05  49.5%
Combinational        1.174194e-06 2.568921e-06 9.756104e-10 3.744091e-06   3.2%
Clock                3.861609e-05 1.748753e-05 2.108087e-10 5.610384e-05  47.4%
Macro                0.000000e+00 0.000000e+00 0.000000e+00 0.000000e+00   0.0%
Pad                  0.000000e+00 0.000000e+00 0.000000e+00 0.000000e+00   0.0%
------------------------------------------------------------------------
Total                9.831403e-05 2.012692e-05 1.673605e-09 1.184426e-04 100.0%
                            83.0%        17.0%         0.0%
Writing metric power__internal__total: 9.831403440330178e-5
Writing metric power__switching__total: 2.0126917661400512e-5
Writing metric power__leakage__total: 1.6736054764265873e-9
Writing metric power__total: 0.00011844262189697474

