Clock: clk
Sources: clk 
Generated: no
Virtual: yes
Propagated: no
Period: 25.000000

===========================================================================
report_clock_properties
============================================================================
Clock                   Period          Waveform
----------------------------------------------------
clk                  25.000000    0.000000 12.500000

===========================================================================
report_clock_latency
============================================================================
Clock clk
rise -> rise
    min     max
0.000000 0.000000 source latency
0.275024         network latency _155_/CLK
        0.275908 network latency _154_/CLK
---------------
0.275024 0.275908 latency
        0.000884 skew

fall -> fall
    min     max
0.000000 0.000000 source latency
0.132735         network latency _155_/CLK
        0.133563 network latency _154_/CLK
---------------
0.132735 0.133563 latency
        0.000829 skew



===========================================================================
report_clock_min_period
============================================================================
clk period_min = 2.02 fmax = 495.06
