
===========================================================================
 report_power
============================================================================
======================= nom_tt_025C_1v80 Corner ===================================

Group                    Internal    Switching      Leakage        Total
                            Power        Power        Power        Power (Watts)
------------------------------------------------------------------------
Sequential           5.853120e-05 8.117394e-08 4.392626e-10 5.861281e-05  96.8%
Combinational        9.572998e-07 9.789579e-07 5.190349e-10 1.936777e-06   3.2%
Clock                0.000000e+00 0.000000e+00 1.360816e-10 1.360816e-10   0.0%
Macro                0.000000e+00 0.000000e+00 0.000000e+00 0.000000e+00   0.0%
Pad                  0.000000e+00 0.000000e+00 0.000000e+00 0.000000e+00   0.0%
------------------------------------------------------------------------
Total                5.948850e-05 1.060132e-06 1.094380e-09 6.054972e-05 100.0%
                            98.2%         1.8%         0.0%
Writing metric power__internal__total: 5.948849502601661e-5
Writing metric power__switching__total: 1.0601319218039862e-6
Writing metric power__leakage__total: 1.0943799200191506e-9
Writing metric power__total: 6.054972254787572e-5

