Clock: clk
Sources: clk 
Generated: no
Virtual: yes
Propagated: no
Period: 25.000000

===========================================================================
report_clock_properties
============================================================================
Clock                   Period          Waveform
----------------------------------------------------
clk                  25.000000    0.000000 12.500000

===========================================================================
report_clock_latency
============================================================================
Clock clk
rise -> rise
    min     max
0.000000 0.000000 source latency
0.585678         network latency _174_/CLK
        0.594337 network latency _171_/CLK
---------------
0.585678 0.594337 latency
        0.008660 skew

fall -> fall
    min     max
0.000000 0.000000 source latency
0.580587         network latency _174_/CLK
        0.587788 network latency _171_/CLK
---------------
0.580587 0.587788 latency
        0.007200 skew



===========================================================================
report_clock_min_period
============================================================================
clk period_min = 3.81 fmax = 262.49
