
===========================================================================
 report_power
============================================================================
======================= nom_ss_100C_1v60 Corner ===================================

Group                    Internal    Switching      Leakage        Total
                            Power        Power        Power        Power (Watts)
------------------------------------------------------------------------
Sequential           4.501701e-05 6.785223e-08 6.699866e-07 4.575485e-05  47.0%
Combinational        9.423399e-07 2.204907e-06 9.846871e-07 4.131934e-06   4.2%
Clock                3.163505e-05 1.574395e-05 1.130541e-07 4.749206e-05  48.8%
Macro                0.000000e+00 0.000000e+00 0.000000e+00 0.000000e+00   0.0%
Pad                  0.000000e+00 0.000000e+00 0.000000e+00 0.000000e+00   0.0%
------------------------------------------------------------------------
Total                7.759440e-05 1.801671e-05 1.767732e-06 9.737884e-05 100.0%
                            79.7%        18.5%         1.8%

